2025-10-13T01:45:10.2721242Z Current runner version: '2.328.0'
2025-10-13T01:45:10.2749569Z ##[group]Runner Image Provisioner
2025-10-13T01:45:10.2751602Z Hosted Compute Agent
2025-10-13T01:45:10.2753376Z Version: 20250912.392
2025-10-13T01:45:10.2755474Z Commit: d921fda672a98b64f4f82364647e2f10b2267d0b
2025-10-13T01:45:10.2757516Z Build Date: 2025-09-12T15:23:14Z
2025-10-13T01:45:10.2759280Z ##[endgroup]
2025-10-13T01:45:10.2760920Z ##[group]Operating System
2025-10-13T01:45:10.2762613Z Ubuntu
2025-10-13T01:45:10.2764203Z 24.04.3
2025-10-13T01:45:10.2766342Z LTS
2025-10-13T01:45:10.2768041Z ##[endgroup]
2025-10-13T01:45:10.2769803Z ##[group]Runner Image
2025-10-13T01:45:10.2771478Z Image: ubuntu-24.04
2025-10-13T01:45:10.2773188Z Version: 20250929.60.1
2025-10-13T01:45:10.2775680Z Included Software: https://github.com/actions/runner-images/blob/ubuntu24/20250929.60/images/ubuntu/Ubuntu2404-Readme.md
2025-10-13T01:45:10.2778748Z Image Release: https://github.com/actions/runner-images/releases/tag/ubuntu24%2F20250929.60
2025-10-13T01:45:10.2781051Z ##[endgroup]
2025-10-13T01:45:10.2784064Z ##[group]GITHUB_TOKEN Permissions
2025-10-13T01:45:10.2787580Z Contents: read
2025-10-13T01:45:10.2789305Z Metadata: read
2025-10-13T01:45:10.2790924Z Packages: write
2025-10-13T01:45:10.2792640Z ##[endgroup]
2025-10-13T01:45:10.2796023Z Secret source: Actions
2025-10-13T01:45:10.2797927Z Prepare workflow directory
2025-10-13T01:45:10.3142499Z Prepare all required actions
2025-10-13T01:45:10.3181322Z Getting action download info
2025-10-13T01:45:10.7478248Z Download action repository 'actions/checkout@v3' (SHA:f43a0e5ff2bd294095638e18286ca9a3d1956744)
2025-10-13T01:45:10.9486340Z Download action repository 'actions/setup-java@v3' (SHA:17f84c3641ba7b8f6deff6309fc4c864478f5d62)
2025-10-13T01:45:11.7408625Z Download action repository 'actions/cache@v3' (SHA:6f8efc29b200d32929f49075959781ed54ec270c)
2025-10-13T01:45:11.9558357Z Complete job name: publish
2025-10-13T01:45:12.0342562Z ##[group]Run actions/checkout@v3
2025-10-13T01:45:12.0344166Z with:
2025-10-13T01:45:12.0345587Z   repository: PedroJSON/PedroJSON
2025-10-13T01:45:12.0347076Z   token: ***
2025-10-13T01:45:12.0348210Z   ssh-strict: true
2025-10-13T01:45:12.0349368Z   persist-credentials: true
2025-10-13T01:45:12.0350559Z   clean: true
2025-10-13T01:45:12.0351703Z   sparse-checkout-cone-mode: true
2025-10-13T01:45:12.0352965Z   fetch-depth: 1
2025-10-13T01:45:12.0354109Z   fetch-tags: false
2025-10-13T01:45:12.0355490Z   lfs: false
2025-10-13T01:45:12.0356622Z   submodules: false
2025-10-13T01:45:12.0357799Z   set-safe-directory: true
2025-10-13T01:45:12.0359302Z ##[endgroup]
2025-10-13T01:45:12.1262041Z Syncing repository: PedroJSON/PedroJSON
2025-10-13T01:45:12.1266015Z ##[group]Getting Git version info
2025-10-13T01:45:12.1267711Z Working directory is '/home/runner/work/PedroJSON/PedroJSON'
2025-10-13T01:45:12.1270033Z [command]/usr/bin/git version
2025-10-13T01:45:12.1309845Z git version 2.51.0
2025-10-13T01:45:12.1338657Z ##[endgroup]
2025-10-13T01:45:12.1353036Z Temporarily overriding HOME='/home/runner/work/_temp/3aef42d3-19ae-4463-937a-19cbdd051561' before making global git config changes
2025-10-13T01:45:12.1357357Z Adding repository directory to the temporary git global config as a safe directory
2025-10-13T01:45:12.1360805Z [command]/usr/bin/git config --global --add safe.directory /home/runner/work/PedroJSON/PedroJSON
2025-10-13T01:45:12.1391536Z Deleting the contents of '/home/runner/work/PedroJSON/PedroJSON'
2025-10-13T01:45:12.1395242Z ##[group]Initializing the repository
2025-10-13T01:45:12.1397603Z [command]/usr/bin/git init /home/runner/work/PedroJSON/PedroJSON
2025-10-13T01:45:12.1499982Z hint: Using 'master' as the name for the initial branch. This default branch name
2025-10-13T01:45:12.1501942Z hint: is subject to change. To configure the initial branch name to use in all
2025-10-13T01:45:12.1504167Z hint: of your new repositories, which will suppress this warning, call:
2025-10-13T01:45:12.1507101Z hint:
2025-10-13T01:45:12.1509413Z hint: 	git config --global init.defaultBranch <name>
2025-10-13T01:45:12.1512352Z hint:
2025-10-13T01:45:12.1514730Z hint: Names commonly chosen instead of 'master' are 'main', 'trunk' and
2025-10-13T01:45:12.1518141Z hint: 'development'. The just-created branch can be renamed via this command:
2025-10-13T01:45:12.1520781Z hint:
2025-10-13T01:45:12.1522123Z hint: 	git branch -m <name>
2025-10-13T01:45:12.1523354Z hint:
2025-10-13T01:45:12.1524759Z hint: Disable this message with "git config set advice.defaultBranchName false"
2025-10-13T01:45:12.1528214Z Initialized empty Git repository in /home/runner/work/PedroJSON/PedroJSON/.git/
2025-10-13T01:45:12.1532642Z [command]/usr/bin/git remote add origin https://github.com/PedroJSON/PedroJSON
2025-10-13T01:45:12.1552519Z ##[endgroup]
2025-10-13T01:45:12.1555023Z ##[group]Disabling automatic garbage collection
2025-10-13T01:45:12.1556574Z [command]/usr/bin/git config --local gc.auto 0
2025-10-13T01:45:12.1582851Z ##[endgroup]
2025-10-13T01:45:12.1584673Z ##[group]Setting up auth
2025-10-13T01:45:12.1586917Z [command]/usr/bin/git config --local --name-only --get-regexp core\.sshCommand
2025-10-13T01:45:12.1612662Z [command]/usr/bin/git submodule foreach --recursive sh -c "git config --local --name-only --get-regexp 'core\.sshCommand' && git config --local --unset-all 'core.sshCommand' || :"
2025-10-13T01:45:12.1913379Z [command]/usr/bin/git config --local --name-only --get-regexp http\.https\:\/\/github\.com\/\.extraheader
2025-10-13T01:45:12.1938266Z [command]/usr/bin/git submodule foreach --recursive sh -c "git config --local --name-only --get-regexp 'http\.https\:\/\/github\.com\/\.extraheader' && git config --local --unset-all 'http.https://github.com/.extraheader' || :"
2025-10-13T01:45:12.2150765Z [command]/usr/bin/git config --local http.https://github.com/.extraheader AUTHORIZATION: basic ***
2025-10-13T01:45:12.2181239Z ##[endgroup]
2025-10-13T01:45:12.2183144Z ##[group]Fetching the repository
2025-10-13T01:45:12.2189073Z [command]/usr/bin/git -c protocol.version=2 fetch --no-tags --prune --progress --no-recurse-submodules --depth=1 origin +450bc12e807942c047ed1a28c5800f4c54e18259:refs/tags/v2.2.1-alpha.5
2025-10-13T01:45:12.6107223Z remote: Enumerating objects: 42, done.        
2025-10-13T01:45:12.6109397Z remote: Counting objects:   2% (1/42)        
2025-10-13T01:45:12.6110793Z remote: Counting objects:   4% (2/42)        
2025-10-13T01:45:12.6112173Z remote: Counting objects:   7% (3/42)        
2025-10-13T01:45:12.6113552Z remote: Counting objects:   9% (4/42)        
2025-10-13T01:45:12.6115150Z remote: Counting objects:  11% (5/42)        
2025-10-13T01:45:12.6116541Z remote: Counting objects:  14% (6/42)        
2025-10-13T01:45:12.6117912Z remote: Counting objects:  16% (7/42)        
2025-10-13T01:45:12.6119310Z remote: Counting objects:  19% (8/42)        
2025-10-13T01:45:12.6120693Z remote: Counting objects:  21% (9/42)        
2025-10-13T01:45:12.6122098Z remote: Counting objects:  23% (10/42)        
2025-10-13T01:45:12.6123473Z remote: Counting objects:  26% (11/42)        
2025-10-13T01:45:12.6124863Z remote: Counting objects:  28% (12/42)        
2025-10-13T01:45:12.6126439Z remote: Counting objects:  30% (13/42)        
2025-10-13T01:45:12.6127792Z remote: Counting objects:  33% (14/42)        
2025-10-13T01:45:12.6129157Z remote: Counting objects:  35% (15/42)        
2025-10-13T01:45:12.6130527Z remote: Counting objects:  38% (16/42)        
2025-10-13T01:45:12.6131888Z remote: Counting objects:  40% (17/42)        
2025-10-13T01:45:12.6133241Z remote: Counting objects:  42% (18/42)        
2025-10-13T01:45:12.6134610Z remote: Counting objects:  45% (19/42)        
2025-10-13T01:45:12.6136146Z remote: Counting objects:  47% (20/42)        
2025-10-13T01:45:12.6138044Z remote: Counting objects:  50% (21/42)        
2025-10-13T01:45:12.6139966Z remote: Counting objects:  52% (22/42)        
2025-10-13T01:45:12.6141327Z remote: Counting objects:  54% (23/42)        
2025-10-13T01:45:12.6142696Z remote: Counting objects:  57% (24/42)        
2025-10-13T01:45:12.6144079Z remote: Counting objects:  59% (25/42)        
2025-10-13T01:45:12.6145993Z remote: Counting objects:  61% (26/42)        
2025-10-13T01:45:12.6147655Z remote: Counting objects:  64% (27/42)        
2025-10-13T01:45:12.6149626Z remote: Counting objects:  66% (28/42)        
2025-10-13T01:45:12.6151024Z remote: Counting objects:  69% (29/42)        
2025-10-13T01:45:12.6152414Z remote: Counting objects:  71% (30/42)        
2025-10-13T01:45:12.6153807Z remote: Counting objects:  73% (31/42)        
2025-10-13T01:45:12.6155414Z remote: Counting objects:  76% (32/42)        
2025-10-13T01:45:12.6156800Z remote: Counting objects:  78% (33/42)        
2025-10-13T01:45:12.6158176Z remote: Counting objects:  80% (34/42)        
2025-10-13T01:45:12.6159548Z remote: Counting objects:  83% (35/42)        
2025-10-13T01:45:12.6160905Z remote: Counting objects:  85% (36/42)        
2025-10-13T01:45:12.6162279Z remote: Counting objects:  88% (37/42)        
2025-10-13T01:45:12.6163654Z remote: Counting objects:  90% (38/42)        
2025-10-13T01:45:12.6165193Z remote: Counting objects:  92% (39/42)        
2025-10-13T01:45:12.6166568Z remote: Counting objects:  95% (40/42)        
2025-10-13T01:45:12.6167965Z remote: Counting objects:  97% (41/42)        
2025-10-13T01:45:12.6169343Z remote: Counting objects: 100% (42/42)        
2025-10-13T01:45:12.6170754Z remote: Counting objects: 100% (42/42), done.        
2025-10-13T01:45:12.6172225Z remote: Compressing objects:   2% (1/34)        
2025-10-13T01:45:12.6173630Z remote: Compressing objects:   5% (2/34)        
2025-10-13T01:45:12.6175142Z remote: Compressing objects:   8% (3/34)        
2025-10-13T01:45:12.6176539Z remote: Compressing objects:  11% (4/34)        
2025-10-13T01:45:12.6177921Z remote: Compressing objects:  14% (5/34)        
2025-10-13T01:45:12.6179306Z remote: Compressing objects:  17% (6/34)        
2025-10-13T01:45:12.6180737Z remote: Compressing objects:  20% (7/34)        
2025-10-13T01:45:12.6182314Z remote: Compressing objects:  23% (8/34)        
2025-10-13T01:45:12.6183727Z remote: Compressing objects:  26% (9/34)        
2025-10-13T01:45:12.6185250Z remote: Compressing objects:  29% (10/34)        
2025-10-13T01:45:12.6186669Z remote: Compressing objects:  32% (11/34)        
2025-10-13T01:45:12.6188064Z remote: Compressing objects:  35% (12/34)        
2025-10-13T01:45:12.6189466Z remote: Compressing objects:  38% (13/34)        
2025-10-13T01:45:12.6190857Z remote: Compressing objects:  41% (14/34)        
2025-10-13T01:45:12.6192265Z remote: Compressing objects:  44% (15/34)        
2025-10-13T01:45:12.6193672Z remote: Compressing objects:  47% (16/34)        
2025-10-13T01:45:12.6195185Z remote: Compressing objects:  50% (17/34)        
2025-10-13T01:45:12.6196582Z remote: Compressing objects:  52% (18/34)        
2025-10-13T01:45:12.6197985Z remote: Compressing objects:  55% (19/34)        
2025-10-13T01:45:12.6199380Z remote: Compressing objects:  58% (20/34)        
2025-10-13T01:45:12.6200789Z remote: Compressing objects:  61% (21/34)        
2025-10-13T01:45:12.6202210Z remote: Compressing objects:  64% (22/34)        
2025-10-13T01:45:12.6203618Z remote: Compressing objects:  67% (23/34)        
2025-10-13T01:45:12.6205253Z remote: Compressing objects:  70% (24/34)        
2025-10-13T01:45:12.6206672Z remote: Compressing objects:  73% (25/34)        
2025-10-13T01:45:12.6208067Z remote: Compressing objects:  76% (26/34)        
2025-10-13T01:45:12.6209473Z remote: Compressing objects:  79% (27/34)        
2025-10-13T01:45:12.6210871Z remote: Compressing objects:  82% (28/34)        
2025-10-13T01:45:12.6212266Z remote: Compressing objects:  85% (29/34)        
2025-10-13T01:45:12.6213665Z remote: Compressing objects:  88% (30/34)        
2025-10-13T01:45:12.6215188Z remote: Compressing objects:  91% (31/34)        
2025-10-13T01:45:12.6216588Z remote: Compressing objects:  94% (32/34)        
2025-10-13T01:45:12.6217999Z remote: Compressing objects:  97% (33/34)        
2025-10-13T01:45:12.6219398Z remote: Compressing objects: 100% (34/34)        
2025-10-13T01:45:12.6221017Z remote: Compressing objects: 100% (34/34), done.        
2025-10-13T01:45:12.6895145Z remote: Total 42 (delta 2), reused 32 (delta 1), pack-reused 0 (from 0)        
2025-10-13T01:45:12.6969565Z From https://github.com/PedroJSON/PedroJSON
2025-10-13T01:45:12.6971626Z  * [new ref]         450bc12e807942c047ed1a28c5800f4c54e18259 -> v2.2.1-alpha.5
2025-10-13T01:45:12.6997466Z ##[endgroup]
2025-10-13T01:45:12.6999578Z ##[group]Determining the checkout info
2025-10-13T01:45:12.7001991Z ##[endgroup]
2025-10-13T01:45:12.7004703Z ##[group]Checking out the ref
2025-10-13T01:45:12.7007070Z [command]/usr/bin/git checkout --progress --force refs/tags/v2.2.1-alpha.5
2025-10-13T01:45:12.7066999Z Note: switching to 'refs/tags/v2.2.1-alpha.5'.
2025-10-13T01:45:12.7083383Z 
2025-10-13T01:45:12.7084525Z You are in 'detached HEAD' state. You can look around, make experimental
2025-10-13T01:45:12.7086823Z changes and commit them, and you can discard any commits you make in this
2025-10-13T01:45:12.7089714Z state without impacting any branches by switching back to a branch.
2025-10-13T01:45:12.7090749Z 
2025-10-13T01:45:12.7091533Z If you want to create a new branch to retain commits you create, you may
2025-10-13T01:45:12.7093224Z do so (now or later) by using -c with the switch command. Example:
2025-10-13T01:45:12.7094166Z 
2025-10-13T01:45:12.7094773Z   git switch -c <new-branch-name>
2025-10-13T01:45:12.7095931Z 
2025-10-13T01:45:12.7096615Z Or undo this operation with:
2025-10-13T01:45:12.7097326Z 
2025-10-13T01:45:12.7097881Z   git switch -
2025-10-13T01:45:12.7098493Z 
2025-10-13T01:45:12.7099306Z Turn off this advice by setting config variable advice.detachedHead to false
2025-10-13T01:45:12.7100309Z 
2025-10-13T01:45:12.7101181Z HEAD is now at 450bc12 v2.2.1-alpha.3
2025-10-13T01:45:12.7106795Z ##[endgroup]
2025-10-13T01:45:12.7112469Z [command]/usr/bin/git log -1 --format='%H'
2025-10-13T01:45:12.7133780Z '450bc12e807942c047ed1a28c5800f4c54e18259'
2025-10-13T01:45:12.7362705Z ##[group]Run if [ "release" = "release" ]; then
2025-10-13T01:45:12.7364242Z [36;1mif [ "release" = "release" ]; then[0m
2025-10-13T01:45:12.7366026Z [36;1m  # Extract version from release tag (remove 'v' prefix if present)[0m
2025-10-13T01:45:12.7367557Z [36;1m  VERSION=v2.2.1-alpha.5[0m
2025-10-13T01:45:12.7368870Z [36;1m  VERSION=${VERSION#v}[0m
2025-10-13T01:45:12.7370132Z [36;1melif [ -n "" ]; then[0m
2025-10-13T01:45:12.7371376Z [36;1m  # Use manually input version[0m
2025-10-13T01:45:12.7372685Z [36;1m  VERSION=[0m
2025-10-13T01:45:12.7373850Z [36;1melse[0m
2025-10-13T01:45:12.7375138Z [36;1m  # Fallback to git tag or default[0m
2025-10-13T01:45:12.7376808Z [36;1m  VERSION=$(git describe --tags --exact-match HEAD 2>/dev/null || echo "1.0.4-alpha")[0m
2025-10-13T01:45:12.7378453Z [36;1m  VERSION=${VERSION#v}[0m
2025-10-13T01:45:12.7379718Z [36;1mfi[0m
2025-10-13T01:45:12.7380913Z [36;1mecho "version=$VERSION" >> $GITHUB_OUTPUT[0m
2025-10-13T01:45:12.7382397Z [36;1mecho "Publishing version: $VERSION"[0m
2025-10-13T01:45:12.7419292Z shell: /usr/bin/bash -e {0}
2025-10-13T01:45:12.7420794Z ##[endgroup]
2025-10-13T01:45:12.7503365Z Publishing version: 2.2.1-alpha.5
2025-10-13T01:45:12.7685223Z ##[group]Run actions/setup-java@v3
2025-10-13T01:45:12.7686609Z with:
2025-10-13T01:45:12.7687755Z   java-version: 11
2025-10-13T01:45:12.7688926Z   distribution: temurin
2025-10-13T01:45:12.7690125Z   java-package: jdk
2025-10-13T01:45:12.7691287Z   check-latest: false
2025-10-13T01:45:12.7692461Z   server-id: github
2025-10-13T01:45:12.7693623Z   server-username: GITHUB_ACTOR
2025-10-13T01:45:12.7694973Z   server-password: GITHUB_TOKEN
2025-10-13T01:45:12.7696231Z   overwrite-settings: true
2025-10-13T01:45:12.7697448Z   job-status: success
2025-10-13T01:45:12.7698800Z   token: ***
2025-10-13T01:45:12.7699941Z ##[endgroup]
2025-10-13T01:45:12.9669335Z ##[group]Installed distributions
2025-10-13T01:45:12.9913944Z Resolved Java 11.0.28+6 from tool-cache
2025-10-13T01:45:12.9917057Z Setting Java 11.0.28+6 as the default
2025-10-13T01:45:12.9929180Z Creating toolchains.xml for JDK version 11 from temurin
2025-10-13T01:45:13.0005867Z Writing to /home/runner/.m2/toolchains.xml
2025-10-13T01:45:13.0007664Z 
2025-10-13T01:45:13.0008817Z Java configuration:
2025-10-13T01:45:13.0011313Z   Distribution: temurin
2025-10-13T01:45:13.0013846Z   Version: 11.0.28+6
2025-10-13T01:45:13.0016813Z   Path: /opt/hostedtoolcache/Java_Temurin-Hotspot_jdk/11.0.28-6/x64
2025-10-13T01:45:13.0018799Z 
2025-10-13T01:45:13.0021627Z ##[endgroup]
2025-10-13T01:45:13.0039221Z Creating settings.xml with server-id: github
2025-10-13T01:45:13.0043575Z Writing to /home/runner/.m2/settings.xml
2025-10-13T01:45:13.0962613Z ##[group]Run actions/cache@v3
2025-10-13T01:45:13.0964000Z with:
2025-10-13T01:45:13.0965527Z   path: ~/.gradle/caches
~/.gradle/wrapper

2025-10-13T01:45:13.0967367Z   key: Linux-gradle-8820c5a54e51e5e2d2d3c6d14965cb9b7908ddf6680d3f19b6f7eda8b667e846
2025-10-13T01:45:13.0969164Z   restore-keys: Linux-gradle-

2025-10-13T01:45:13.0970524Z   enableCrossOsArchive: false
2025-10-13T01:45:13.0971908Z   fail-on-cache-miss: false
2025-10-13T01:45:13.0973235Z   lookup-only: false
2025-10-13T01:45:13.0974511Z env:
2025-10-13T01:45:13.0976251Z   JAVA_HOME: /opt/hostedtoolcache/Java_Temurin-Hotspot_jdk/11.0.28-6/x64
2025-10-13T01:45:13.0978180Z   JAVA_HOME_11_X64: /opt/hostedtoolcache/Java_Temurin-Hotspot_jdk/11.0.28-6/x64
2025-10-13T01:45:13.0979833Z ##[endgroup]
2025-10-13T01:45:13.4443356Z Cache not found for input keys: Linux-gradle-8820c5a54e51e5e2d2d3c6d14965cb9b7908ddf6680d3f19b6f7eda8b667e846, Linux-gradle-
2025-10-13T01:45:13.4600716Z ##[group]Run chmod +x gradlew
2025-10-13T01:45:13.4603599Z [36;1mchmod +x gradlew[0m
2025-10-13T01:45:13.4643192Z shell: /usr/bin/bash -e {0}
2025-10-13T01:45:13.4646105Z env:
2025-10-13T01:45:13.4649261Z   JAVA_HOME: /opt/hostedtoolcache/Java_Temurin-Hotspot_jdk/11.0.28-6/x64
2025-10-13T01:45:13.4653658Z   JAVA_HOME_11_X64: /opt/hostedtoolcache/Java_Temurin-Hotspot_jdk/11.0.28-6/x64
2025-10-13T01:45:13.4657524Z ##[endgroup]
2025-10-13T01:45:13.4887019Z ##[group]Run ./gradlew :loader:assembleRelease
2025-10-13T01:45:13.4890086Z [36;1m./gradlew :loader:assembleRelease[0m
2025-10-13T01:45:13.4927089Z shell: /usr/bin/bash -e {0}
2025-10-13T01:45:13.4929665Z env:
2025-10-13T01:45:13.4932575Z   JAVA_HOME: /opt/hostedtoolcache/Java_Temurin-Hotspot_jdk/11.0.28-6/x64
2025-10-13T01:45:13.4936817Z   JAVA_HOME_11_X64: /opt/hostedtoolcache/Java_Temurin-Hotspot_jdk/11.0.28-6/x64
2025-10-13T01:45:13.4940345Z   RELEASE_VERSION: 2.2.1-alpha.5
2025-10-13T01:45:13.4943020Z ##[endgroup]
2025-10-13T01:45:16.3045499Z Downloading https://services.gradle.org/distributions/gradle-8.12-bin.zip
2025-10-13T01:45:20.5700103Z .............10%.............20%.............30%.............40%.............50%.............60%.............70%.............80%.............90%.............100%
2025-10-13T01:45:22.3902503Z 
2025-10-13T01:45:22.3903499Z Welcome to Gradle 8.12!
2025-10-13T01:45:22.3904057Z 
2025-10-13T01:45:22.3906090Z Here are the highlights of this release:
2025-10-13T01:45:22.3907496Z  - Enhanced error and warning reporting with the Problems API
2025-10-13T01:45:22.3908834Z  - File-system watching support on Alpine Linux
2025-10-13T01:45:22.3909954Z  - Build and test Swift 6 libraries and apps
2025-10-13T01:45:22.3910599Z 
2025-10-13T01:45:22.3912522Z For more details see https://docs.gradle.org/8.12/release-notes.html
2025-10-13T01:45:22.3915294Z 
2025-10-13T01:45:22.5788738Z Starting a Gradle Daemon (subsequent builds will be faster)
2025-10-13T01:45:54.3811846Z 
2025-10-13T01:45:54.3815123Z > Configure project :loader
2025-10-13T01:45:54.3816561Z === Signing Configuration Check ===
2025-10-13T01:45:54.3817889Z SIGNING_KEY present: false
2025-10-13T01:45:54.3819211Z SIGNING_PASSWORD present: false
2025-10-13T01:45:54.3820912Z ⚠️  Skipping signing configuration - environment variables not set
2025-10-13T01:45:54.6792235Z WARNING:Software Components will not be created automatically for Maven publishing from Android Gradle Plugin 8.0. To opt-in to the future behavior, set the Gradle property android.disableAutomaticComponentCreation=true in the `gradle.properties` file or use the new publishing DSL.
2025-10-13T01:45:59.1789019Z Checking the license for package Android SDK Build-Tools 30.0.3 in /usr/local/lib/android/sdk/licenses
2025-10-13T01:45:59.1797232Z License for package Android SDK Build-Tools 30.0.3 accepted.
2025-10-13T01:45:59.1798667Z Preparing "Install Android SDK Build-Tools 30.0.3 (revision: 30.0.3)".
2025-10-13T01:46:00.3788636Z "Install Android SDK Build-Tools 30.0.3 (revision: 30.0.3)" ready.
2025-10-13T01:46:00.3790829Z Installing Android SDK Build-Tools 30.0.3 in /usr/local/lib/android/sdk/build-tools/30.0.3
2025-10-13T01:46:00.3792934Z "Install Android SDK Build-Tools 30.0.3 (revision: 30.0.3)" complete.
2025-10-13T01:46:01.0788432Z "Install Android SDK Build-Tools 30.0.3 (revision: 30.0.3)" finished.
2025-10-13T01:46:01.0790374Z Checking the license for package Android SDK Platform 30 in /usr/local/lib/android/sdk/licenses
2025-10-13T01:46:01.0792233Z License for package Android SDK Platform 30 accepted.
2025-10-13T01:46:01.0793850Z Preparing "Install Android SDK Platform 30 (revision: 3)".
2025-10-13T01:46:03.5798477Z "Install Android SDK Platform 30 (revision: 3)" ready.
2025-10-13T01:46:03.5800321Z Installing Android SDK Platform 30 in /usr/local/lib/android/sdk/platforms/android-30
2025-10-13T01:46:03.5803590Z "Install Android SDK Platform 30 (revision: 3)" complete.
2025-10-13T01:46:03.5804807Z "Install Android SDK Platform 30 (revision: 3)" finished.
2025-10-13T01:46:03.8798394Z 
2025-10-13T01:46:03.8806374Z > Task :loader:preBuild UP-TO-DATE
2025-10-13T01:46:03.8808891Z > Task :loader:preReleaseBuild UP-TO-DATE
2025-10-13T01:46:03.8810324Z > Task :loader:compileReleaseAidl NO-SOURCE
2025-10-13T01:46:03.9794486Z > Task :loader:mergeReleaseJniLibFolders
2025-10-13T01:46:03.9795933Z > Task :loader:mergeReleaseNativeLibs NO-SOURCE
2025-10-13T01:46:03.9797116Z > Task :loader:stripReleaseDebugSymbols NO-SOURCE
2025-10-13T01:46:03.9798836Z > Task :loader:compileReleaseRenderscript NO-SOURCE
2025-10-13T01:46:03.9800196Z > Task :loader:copyReleaseJniLibsProjectAndLocalJars
2025-10-13T01:46:03.9801457Z > Task :loader:generateReleaseResValues
2025-10-13T01:46:03.9802582Z > Task :loader:extractDeepLinksForAarRelease
2025-10-13T01:46:03.9803671Z > Task :loader:generateReleaseBuildConfig
2025-10-13T01:46:03.9804732Z > Task :loader:generateReleaseResources
2025-10-13T01:46:04.0792230Z > Task :loader:packageReleaseResources
2025-10-13T01:46:04.6846577Z > Task :loader:javaPreCompileRelease
2025-10-13T01:46:04.6850512Z > Task :loader:mergeReleaseShaders
2025-10-13T01:46:04.6852017Z > Task :loader:compileReleaseShaders NO-SOURCE
2025-10-13T01:46:04.6853356Z > Task :loader:generateReleaseAssets UP-TO-DATE
2025-10-13T01:46:04.6854616Z > Task :loader:packageReleaseAssets
2025-10-13T01:46:04.6856148Z > Task :loader:packageReleaseRenderscript NO-SOURCE
2025-10-13T01:46:04.7787773Z > Task :loader:prepareReleaseArtProfile
2025-10-13T01:46:04.7794425Z > Task :loader:processReleaseJavaRes NO-SOURCE
2025-10-13T01:46:04.7799214Z > Task :loader:prepareLintJarForPublish
2025-10-13T01:46:04.7802402Z > Task :loader:parseReleaseLocalResources
2025-10-13T01:46:04.7805668Z > Task :loader:writeReleaseAarMetadata
2025-10-13T01:46:05.0788128Z 
2025-10-13T01:46:05.0806147Z > Task :loader:processReleaseManifest
2025-10-13T01:46:05.0813416Z package="com.pedrojson.loader" found in source AndroidManifest.xml: /home/runner/work/PedroJSON/PedroJSON/loader/src/main/AndroidManifest.xml.
2025-10-13T01:46:05.0815701Z Setting the namespace via a source AndroidManifest.xml's package attribute is deprecated.
2025-10-13T01:46:05.0818101Z Please instead set the namespace (or testNamespace) in the module's build.gradle file, as described here: https://developer.android.com/studio/build/configure-app-module#set-namespace
2025-10-13T01:46:05.0821219Z This migration can be done automatically using the AGP Upgrade Assistant, please refer to https://developer.android.com/studio/build/agp-upgrade-assistant for more information.
2025-10-13T01:46:13.3787076Z 
2025-10-13T01:46:13.3789571Z > Task :loader:mapReleaseSourceSetPaths
2025-10-13T01:46:15.4789496Z > Task :loader:generateReleaseRFile
2025-10-13T01:46:16.1817080Z > Task :loader:mergeReleaseResources
2025-10-13T01:46:22.7788929Z > Task :loader:extractReleaseAnnotations
2025-10-13T01:46:24.7789013Z 
2025-10-13T01:46:24.7789940Z > Task :loader:compileReleaseJavaWithJavac
2025-10-13T01:46:24.7791566Z The following annotation processors are not incremental: OpModeAnnotationProcessor.jar.
2025-10-13T01:46:24.7793296Z Make sure all annotation processors are incremental to improve your build speed.
2025-10-13T01:46:24.7806932Z warning: Supported source version 'RELEASE_7' from annotation processor 'org.gradle.api.internal.tasks.compile.processing.TimeTrackingProcessor' less than -source '8'
2025-10-13T01:46:24.7809122Z 1 warning
2025-10-13T01:46:25.5791446Z 
2025-10-13T01:46:25.5797874Z > Task :loader:mergeReleaseGeneratedProguardFiles
2025-10-13T01:46:25.5803237Z > Task :loader:mergeReleaseConsumerProguardFiles
2025-10-13T01:46:25.6787987Z > Task :loader:mergeReleaseJavaResource
2025-10-13T01:46:26.8836372Z > Task :loader:syncReleaseLibJars
2025-10-13T01:46:26.9787845Z > Task :loader:bundleReleaseAar
2025-10-13T01:46:27.7787535Z > Task :loader:verifyReleaseResources
2025-10-13T01:46:27.7788323Z > Task :loader:assembleRelease
2025-10-13T01:46:28.1786436Z 
2025-10-13T01:46:28.1788148Z [Incubating] Problems report is available at: file:///home/runner/work/PedroJSON/PedroJSON/build/reports/problems/problems-report.html
2025-10-13T01:46:28.1789429Z 
2025-10-13T01:46:28.1790202Z Deprecated Gradle features were used in this build, making it incompatible with Gradle 9.0.
2025-10-13T01:46:28.1791125Z 
2025-10-13T01:46:28.1792069Z You can use '--warning-mode all' to show the individual deprecation warnings and determine if they come from your own scripts or plugins.
2025-10-13T01:46:28.1792748Z 
2025-10-13T01:46:28.1793675Z For more on this, please refer to https://docs.gradle.org/8.12/userguide/command_line_interface.html#sec:command_line_warnings in the Gradle documentation.
2025-10-13T01:46:28.1794461Z 
2025-10-13T01:46:28.1794713Z BUILD SUCCESSFUL in 1m 12s
2025-10-13T01:46:28.2476383Z 25 actionable tasks: 25 executed
2025-10-13T01:46:28.5774678Z ##[group]Run echo "Publishing version: $RELEASE_VERSION to GitHub Packages"
2025-10-13T01:46:28.5775906Z [36;1mecho "Publishing version: $RELEASE_VERSION to GitHub Packages"[0m
2025-10-13T01:46:28.5776756Z [36;1m./gradlew :loader:publishGprPublicationToGitHubPackagesRepository[0m
2025-10-13T01:46:28.5809250Z shell: /usr/bin/bash -e {0}
2025-10-13T01:46:28.5809791Z env:
2025-10-13T01:46:28.5810424Z   JAVA_HOME: /opt/hostedtoolcache/Java_Temurin-Hotspot_jdk/11.0.28-6/x64
2025-10-13T01:46:28.5811253Z   JAVA_HOME_11_X64: /opt/hostedtoolcache/Java_Temurin-Hotspot_jdk/11.0.28-6/x64
2025-10-13T01:46:28.5811965Z   GITHUB_ACTOR: Andersans11
2025-10-13T01:46:28.5812784Z   GITHUB_TOKEN: ***
2025-10-13T01:46:28.5813304Z   RELEASE_VERSION: 2.2.1-alpha.5
2025-10-13T01:46:28.5813876Z ##[endgroup]
2025-10-13T01:46:28.5867937Z Publishing version: 2.2.1-alpha.5 to GitHub Packages
2025-10-13T01:46:29.7345821Z 
2025-10-13T01:46:29.7346880Z > Configure project :loader
2025-10-13T01:46:29.7348207Z === Signing Configuration Check ===
2025-10-13T01:46:29.7353457Z SIGNING_KEY present: false
2025-10-13T01:46:29.7354601Z SIGNING_PASSWORD present: false
2025-10-13T01:46:29.7356448Z ⚠️  Skipping signing configuration - environment variables not set
2025-10-13T01:46:29.7359458Z WARNING:Software Components will not be created automatically for Maven publishing from Android Gradle Plugin 8.0. To opt-in to the future behavior, set the Gradle property android.disableAutomaticComponentCreation=true in the `gradle.properties` file or use the new publishing DSL.
2025-10-13T01:46:29.9298615Z 
2025-10-13T01:46:29.9300495Z > Task :loader:androidJavadocsJar
2025-10-13T01:46:29.9302589Z > Task :loader:androidSourcesJar
2025-10-13T01:46:29.9304666Z > Task :loader:preBuild UP-TO-DATE
2025-10-13T01:46:29.9307275Z > Task :loader:preReleaseBuild UP-TO-DATE
2025-10-13T01:46:29.9308670Z > Task :loader:compileReleaseAidl NO-SOURCE
2025-10-13T01:46:29.9315910Z > Task :loader:mergeReleaseJniLibFolders UP-TO-DATE
2025-10-13T01:46:29.9317020Z > Task :loader:mergeReleaseNativeLibs NO-SOURCE
2025-10-13T01:46:29.9325858Z > Task :loader:stripReleaseDebugSymbols NO-SOURCE
2025-10-13T01:46:29.9327127Z > Task :loader:copyReleaseJniLibsProjectAndLocalJars UP-TO-DATE
2025-10-13T01:46:29.9328404Z > Task :loader:compileReleaseRenderscript NO-SOURCE
2025-10-13T01:46:29.9329584Z > Task :loader:generateReleaseResValues UP-TO-DATE
2025-10-13T01:46:29.9330789Z > Task :loader:extractDeepLinksForAarRelease UP-TO-DATE
2025-10-13T01:46:29.9332029Z > Task :loader:generateReleaseBuildConfig UP-TO-DATE
2025-10-13T01:46:29.9333224Z > Task :loader:generateReleaseResources UP-TO-DATE
2025-10-13T01:46:29.9334317Z > Task :loader:packageReleaseResources UP-TO-DATE
2025-10-13T01:46:29.9335627Z > Task :loader:parseReleaseLocalResources UP-TO-DATE
2025-10-13T01:46:29.9336747Z > Task :loader:processReleaseManifest UP-TO-DATE
2025-10-13T01:46:30.0299495Z > Task :loader:generateReleaseRFile UP-TO-DATE
2025-10-13T01:46:30.0301448Z > Task :loader:extractReleaseAnnotations UP-TO-DATE
2025-10-13T01:46:30.0318434Z > Task :loader:javaPreCompileRelease UP-TO-DATE
2025-10-13T01:46:30.0319644Z > Task :loader:compileReleaseJavaWithJavac UP-TO-DATE
2025-10-13T01:46:30.0320889Z > Task :loader:mergeReleaseGeneratedProguardFiles UP-TO-DATE
2025-10-13T01:46:30.0322232Z > Task :loader:mergeReleaseConsumerProguardFiles UP-TO-DATE
2025-10-13T01:46:30.0323488Z > Task :loader:mergeReleaseShaders UP-TO-DATE
2025-10-13T01:46:30.0324631Z > Task :loader:compileReleaseShaders NO-SOURCE
2025-10-13T01:46:30.0325954Z > Task :loader:generateReleaseAssets UP-TO-DATE
2025-10-13T01:46:30.0327099Z > Task :loader:packageReleaseAssets UP-TO-DATE
2025-10-13T01:46:30.0328261Z > Task :loader:packageReleaseRenderscript NO-SOURCE
2025-10-13T01:46:30.1298808Z > Task :loader:prepareLintJarForPublish UP-TO-DATE
2025-10-13T01:46:30.1301392Z > Task :loader:prepareReleaseArtProfile UP-TO-DATE
2025-10-13T01:46:30.1302531Z > Task :loader:processReleaseJavaRes NO-SOURCE
2025-10-13T01:46:30.1305691Z > Task :loader:mergeReleaseJavaResource UP-TO-DATE
2025-10-13T01:46:30.1308006Z > Task :loader:syncReleaseLibJars UP-TO-DATE
2025-10-13T01:46:30.1309486Z > Task :loader:writeReleaseAarMetadata UP-TO-DATE
2025-10-13T01:46:30.1310724Z > Task :loader:bundleReleaseAar UP-TO-DATE
2025-10-13T01:46:30.1311881Z > Task :loader:generateMetadataFileForGprPublication
2025-10-13T01:46:30.1314210Z > Task :loader:generatePomFileForGprPublication
2025-10-13T01:46:57.4248091Z > Task :loader:publishGprPublicationToGitHubPackagesRepository
2025-10-13T01:46:57.4252847Z 
2025-10-13T01:46:57.4254473Z [Incubating] Problems report is available at: file:///home/runner/work/PedroJSON/PedroJSON/build/reports/problems/problems-report.html
2025-10-13T01:46:57.4256168Z 
2025-10-13T01:46:57.4259412Z Deprecated Gradle features were used in this build, making it incompatible with Gradle 9.0.
2025-10-13T01:46:57.4260478Z 
2025-10-13T01:46:57.4261555Z You can use '--warning-mode all' to show the individual deprecation warnings and determine if they come from your own scripts or plugins.
2025-10-13T01:46:57.4262796Z 
2025-10-13T01:46:57.4263996Z For more on this, please refer to https://docs.gradle.org/8.12/userguide/command_line_interface.html#sec:command_line_warnings in the Gradle documentation.
2025-10-13T01:46:57.4265562Z 
2025-10-13T01:46:57.4265987Z BUILD SUCCESSFUL in 28s
2025-10-13T01:46:57.4266946Z 27 actionable tasks: 5 executed, 22 up-to-date
2025-10-13T01:46:57.4445352Z ##[group]Run echo "Publishing version: $RELEASE_VERSION to Maven Central"
2025-10-13T01:46:57.4446916Z [36;1mecho "Publishing version: $RELEASE_VERSION to Maven Central"[0m
2025-10-13T01:46:57.4448187Z [36;1mecho "🔍 Environment check:"[0m
2025-10-13T01:46:57.4449652Z [36;1mecho "  Central Portal username: $([ -n "$CENTRAL_PORTAL_USERNAME" ] && echo 'SET' || echo 'NOT SET')"[0m
2025-10-13T01:46:57.4451772Z [36;1mecho "  Central Portal password: $([ -n "$CENTRAL_PORTAL_PASSWORD" ] && echo 'SET' || echo 'NOT SET')"[0m
2025-10-13T01:46:57.4453601Z [36;1mecho "  Signing key: $([ -n "$SIGNING_KEY" ] && echo 'SET ('$(echo "$SIGNING_KEY" | wc -c)' chars)' || echo 'NOT SET')"[0m
2025-10-13T01:46:57.4455612Z [36;1mecho "  Signing password: $([ -n "$SIGNING_PASSWORD" ] && echo 'SET' || echo 'NOT SET')"[0m
2025-10-13T01:46:57.4478575Z [36;1m[0m
2025-10-13T01:46:57.4479421Z [36;1m# Verify GPG key format[0m
2025-10-13T01:46:57.4480394Z [36;1mif [ -n "$SIGNING_KEY" ]; then[0m
2025-10-13T01:46:57.4481407Z [36;1m  echo "🔑 GPG key preview:"[0m
2025-10-13T01:46:57.4482397Z [36;1m  echo "$SIGNING_KEY" | head -2 | tail -1[0m
2025-10-13T01:46:57.4483588Z [36;1m  if echo "$SIGNING_KEY" | grep -q "BEGIN PGP PRIVATE KEY BLOCK"; then[0m
2025-10-13T01:46:57.4484824Z [36;1m    echo "  ✅ Key appears to be ASCII armored"[0m
2025-10-13T01:46:57.4486405Z [36;1m  elif echo "$SIGNING_KEY" | base64 -d | grep -q "BEGIN PGP PRIVATE KEY BLOCK" 2>/dev/null; then[0m
2025-10-13T01:46:57.4487852Z [36;1m    echo "  ✅ Key appears to be base64 encoded"[0m
2025-10-13T01:46:57.4488958Z [36;1m  else[0m
2025-10-13T01:46:57.4489827Z [36;1m    echo "  ⚠️  Key format unclear"[0m
2025-10-13T01:46:57.4490806Z [36;1m  fi[0m
2025-10-13T01:46:57.4491621Z [36;1mfi[0m
2025-10-13T01:46:57.4492425Z [36;1m[0m
2025-10-13T01:46:57.4493328Z [36;1mecho "🚀 Starting Maven Central publishing..."[0m
2025-10-13T01:46:57.4494650Z [36;1m./gradlew :loader:publishToCentralPortal --info --stacktrace[0m
2025-10-13T01:46:57.4540820Z shell: /usr/bin/bash -e {0}
2025-10-13T01:46:57.4541802Z env:
2025-10-13T01:46:57.4542921Z   JAVA_HOME: /opt/hostedtoolcache/Java_Temurin-Hotspot_jdk/11.0.28-6/x64
2025-10-13T01:46:57.4544451Z   JAVA_HOME_11_X64: /opt/hostedtoolcache/Java_Temurin-Hotspot_jdk/11.0.28-6/x64
2025-10-13T01:46:57.4546264Z   CENTRAL_PORTAL_USERNAME: ***
2025-10-13T01:46:57.4547430Z   CENTRAL_PORTAL_PASSWORD: ***
2025-10-13T01:46:57.4606043Z   SIGNING_KEY: ***
2025-10-13T01:46:57.4606960Z   SIGNING_PASSWORD: ***
2025-10-13T01:46:57.4607849Z   RELEASE_VERSION: 2.2.1-alpha.5
2025-10-13T01:46:57.4608827Z ##[endgroup]
2025-10-13T01:46:57.4686680Z Publishing version: 2.2.1-alpha.5 to Maven Central
2025-10-13T01:46:57.4689117Z 🔍 Environment check:
2025-10-13T01:46:57.4693126Z   Central Portal username: SET
2025-10-13T01:46:57.4699044Z   Central Portal password: SET
2025-10-13T01:46:57.4835276Z   Signing key: SET (6764 chars)
2025-10-13T01:46:57.4839476Z   Signing password: SET
2025-10-13T01:46:57.4842257Z 🔑 GPG key preview:
2025-10-13T01:46:57.4862276Z 
2025-10-13T01:46:57.4886082Z   ✅ Key appears to be ASCII armored
2025-10-13T01:46:57.4888589Z 🚀 Starting Maven Central publishing...
2025-10-13T01:46:58.0337524Z Initialized native services in: /home/runner/.gradle/native
2025-10-13T01:46:58.0359082Z Initialized jansi services in: /home/runner/.gradle/native
2025-10-13T01:46:58.2495319Z The client will now receive all logging from the daemon (pid: 2265). The daemon log file: /home/runner/.gradle/daemon/8.12/daemon-2265.out.log
2025-10-13T01:46:58.2508860Z Starting 3rd build in daemon [uptime: 1 mins 34.608 secs, performance: 99%, GC rate: 0.00/s, heap usage: 0% of 1 GiB]
2025-10-13T01:46:58.2515144Z Using 4 worker leases.
2025-10-13T01:46:58.3484755Z Now considering [/home/runner/work/PedroJSON/PedroJSON] as hierarchies to watch
2025-10-13T01:46:58.3486510Z Watching the file system is configured to be enabled if available
2025-10-13T01:46:58.3488974Z File system watching is active
2025-10-13T01:46:58.3490345Z Starting Build
2025-10-13T01:46:58.3491687Z Settings evaluated using settings file '/home/runner/work/PedroJSON/PedroJSON/settings.gradle'.
2025-10-13T01:46:58.3493532Z Projects loaded. Root project using build file '/home/runner/work/PedroJSON/PedroJSON/build.gradle'.
2025-10-13T01:46:58.3495293Z Included projects: [root project 'PedroJSON', project ':loader']
2025-10-13T01:46:58.3545251Z 
2025-10-13T01:46:58.3554025Z > Configure project :
2025-10-13T01:46:58.3555747Z Evaluating root project 'PedroJSON' using build file '/home/runner/work/PedroJSON/PedroJSON/build.gradle'.
2025-10-13T01:46:58.4480159Z 
2025-10-13T01:46:58.4480905Z > Configure project :loader
2025-10-13T01:46:58.4482387Z Evaluating project ':loader' using build file '/home/runner/work/PedroJSON/PedroJSON/loader/build.gradle'.
2025-10-13T01:46:58.4483891Z Resolved plugin [id: 'com.android.library']
2025-10-13T01:46:58.4505765Z Resolved plugin [id: 'maven-publish']
2025-10-13T01:46:58.4506952Z Resolved plugin [id: 'signing']
2025-10-13T01:46:58.4508036Z === Signing Configuration Check ===
2025-10-13T01:46:58.4509136Z SIGNING_KEY present: true
2025-10-13T01:46:58.4510171Z SIGNING_PASSWORD present: true
2025-10-13T01:46:58.4511584Z 🔑 Configuring GPG signing with environment variables
2025-10-13T01:46:58.4513015Z ✅ GPG signing configuration deferred to execution time
2025-10-13T01:46:58.4516063Z WARNING:Software Components will not be created automatically for Maven publishing from Android Gradle Plugin 8.0. To opt-in to the future behavior, set the Gradle property android.disableAutomaticComponentCreation=true in the `gradle.properties` file or use the new publishing DSL.
2025-10-13T01:46:58.4519018Z All projects evaluated.
2025-10-13T01:46:58.5490451Z Task path ':loader:publishToCentralPortal' matched project ':loader'
2025-10-13T01:46:58.5509155Z Task name matched 'publishToCentralPortal'
2025-10-13T01:46:58.5520566Z Selected primary task 'publishToCentralPortal' from project :loader
2025-10-13T01:46:58.5547881Z Tasks to be executed: [task ':loader:androidJavadocsJar', task ':loader:androidSourcesJar', task ':loader:preBuild', task ':loader:preReleaseBuild', task ':loader:compileReleaseAidl', task ':loader:mergeReleaseJniLibFolders', task ':loader:mergeReleaseNativeLibs', task ':loader:stripReleaseDebugSymbols', task ':loader:copyReleaseJniLibsProjectAndLocalJars', task ':loader:compileReleaseRenderscript', task ':loader:generateReleaseResValues', task ':loader:extractDeepLinksForAarRelease', task ':loader:generateReleaseBuildConfig', task ':loader:generateReleaseResources', task ':loader:packageReleaseResources', task ':loader:parseReleaseLocalResources', task ':loader:processReleaseManifest', task ':loader:generateReleaseRFile', task ':loader:extractReleaseAnnotations', task ':loader:javaPreCompileRelease', task ':loader:compileReleaseJavaWithJavac', task ':loader:mergeReleaseGeneratedProguardFiles', task ':loader:mergeReleaseConsumerProguardFiles', task ':loader:mergeReleaseShaders', task ':loader:compileReleaseShaders', task ':loader:generateReleaseAssets', task ':loader:packageReleaseAssets', task ':loader:packageReleaseRenderscript', task ':loader:prepareLintJarForPublish', task ':loader:prepareReleaseArtProfile', task ':loader:processReleaseJavaRes', task ':loader:mergeReleaseJavaResource', task ':loader:syncReleaseLibJars', task ':loader:writeReleaseAarMetadata', task ':loader:bundleReleaseAar', task ':loader:generateMetadataFileForMavenPublication', task ':loader:generatePomFileForMavenPublication', task ':loader:publishMavenPublicationToCentralPortalRepository', task ':loader:publishToCentralPortal']
2025-10-13T01:46:58.5590824Z Tasks that were excluded: []
2025-10-13T01:46:58.5592186Z 🔑 Setting up in-memory PGP keys for actual signing...
2025-10-13T01:46:58.5593433Z ✅ In-memory PGP keys configured successfully
2025-10-13T01:46:58.5595671Z Resolve mutations for :loader:androidJavadocsJar (Thread[Execution worker,5,main]) started.
2025-10-13T01:46:58.5597367Z :loader:androidJavadocsJar (Thread[Execution worker,5,main]) started.
2025-10-13T01:46:58.5598545Z 
2025-10-13T01:46:58.5599046Z > Task :loader:androidJavadocsJar UP-TO-DATE
2025-10-13T01:46:58.5600270Z Caching disabled for task ':loader:androidJavadocsJar' because:
2025-10-13T01:46:58.5601497Z   Build cache is disabled
2025-10-13T01:46:58.5602448Z   Not worth caching
2025-10-13T01:46:58.5603536Z Skipping task ':loader:androidJavadocsJar' as it is up-to-date.
2025-10-13T01:46:58.5605590Z Resolve mutations for :loader:androidSourcesJar (Thread[included builds,5,main]) started.
2025-10-13T01:46:58.5607219Z :loader:androidSourcesJar (Thread[included builds,5,main]) started.
2025-10-13T01:46:58.5608056Z 
2025-10-13T01:46:58.5608522Z > Task :loader:androidSourcesJar UP-TO-DATE
2025-10-13T01:46:58.5609740Z Caching disabled for task ':loader:androidSourcesJar' because:
2025-10-13T01:46:58.5610943Z   Build cache is disabled
2025-10-13T01:46:58.5611875Z   Not worth caching
2025-10-13T01:46:58.5612836Z Skipping task ':loader:androidSourcesJar' as it is up-to-date.
2025-10-13T01:46:58.5614204Z Resolve mutations for :loader:preBuild (Thread[included builds,5,main]) started.
2025-10-13T01:46:58.5615741Z :loader:preBuild (Thread[included builds,5,main]) started.
2025-10-13T01:46:58.5616488Z 
2025-10-13T01:46:58.5616890Z > Task :loader:preBuild UP-TO-DATE
2025-10-13T01:46:58.5617928Z Skipping task ':loader:preBuild' as it has no actions.
2025-10-13T01:46:58.5619276Z Resolve mutations for :loader:preReleaseBuild (Thread[included builds,5,main]) started.
2025-10-13T01:46:58.5620749Z :loader:preReleaseBuild (Thread[included builds,5,main]) started.
2025-10-13T01:46:58.5621547Z 
2025-10-13T01:46:58.5621997Z > Task :loader:preReleaseBuild UP-TO-DATE
2025-10-13T01:46:58.5623175Z Skipping task ':loader:preReleaseBuild' as it has no actions.
2025-10-13T01:46:58.5624679Z Resolve mutations for :loader:compileReleaseAidl (Thread[included builds,5,main]) started.
2025-10-13T01:46:58.5656618Z :loader:compileReleaseAidl (Thread[included builds,5,main]) started.
2025-10-13T01:46:58.5657483Z 
2025-10-13T01:46:58.5657971Z > Task :loader:compileReleaseAidl NO-SOURCE
2025-10-13T01:46:58.5659484Z Skipping task ':loader:compileReleaseAidl' as it has no source files and no previous output files.
2025-10-13T01:46:58.5661358Z Resolve mutations for :loader:mergeReleaseJniLibFolders (Thread[included builds,5,main]) started.
2025-10-13T01:46:58.5663101Z :loader:mergeReleaseJniLibFolders (Thread[Execution worker,5,main]) started.
2025-10-13T01:46:58.5664022Z 
2025-10-13T01:46:58.5664529Z > Task :loader:mergeReleaseJniLibFolders UP-TO-DATE
2025-10-13T01:46:58.5666073Z Caching disabled for task ':loader:mergeReleaseJniLibFolders' because:
2025-10-13T01:46:58.5667368Z   Build cache is disabled
2025-10-13T01:46:58.5668517Z Skipping task ':loader:mergeReleaseJniLibFolders' as it is up-to-date.
2025-10-13T01:46:58.5670241Z Resolve mutations for :loader:mergeReleaseNativeLibs (Thread[Execution worker,5,main]) started.
2025-10-13T01:46:58.5671969Z :loader:mergeReleaseNativeLibs (Thread[included builds,5,main]) started.
2025-10-13T01:46:58.5672875Z 
2025-10-13T01:46:58.5673328Z > Task :loader:mergeReleaseNativeLibs NO-SOURCE
2025-10-13T01:46:58.5674756Z Skipping task ':loader:mergeReleaseNativeLibs' as it has no source files and no previous output files.
2025-10-13T01:46:58.5676816Z Resolve mutations for :loader:stripReleaseDebugSymbols (Thread[included builds,5,main]) started.
2025-10-13T01:46:58.5678543Z :loader:stripReleaseDebugSymbols (Thread[included builds,5,main]) started.
2025-10-13T01:46:58.5679464Z 
2025-10-13T01:46:58.5679961Z > Task :loader:stripReleaseDebugSymbols NO-SOURCE
2025-10-13T01:46:58.5681552Z Skipping task ':loader:stripReleaseDebugSymbols' as it has no source files and no previous output files.
2025-10-13T01:46:58.5683546Z Resolve mutations for :loader:copyReleaseJniLibsProjectAndLocalJars (Thread[included builds,5,main]) started.
2025-10-13T01:46:58.5715815Z :loader:copyReleaseJniLibsProjectAndLocalJars (Thread[included builds,5,main]) started.
2025-10-13T01:46:58.5716880Z 
2025-10-13T01:46:58.5717781Z > Task :loader:copyReleaseJniLibsProjectAndLocalJars UP-TO-DATE
2025-10-13T01:46:58.5719391Z Caching disabled for task ':loader:copyReleaseJniLibsProjectAndLocalJars' because:
2025-10-13T01:46:58.5720766Z   Build cache is disabled
2025-10-13T01:46:58.5721690Z   Caching has been disabled for the task
2025-10-13T01:46:58.5723100Z Skipping task ':loader:copyReleaseJniLibsProjectAndLocalJars' as it is up-to-date.
2025-10-13T01:46:58.5725510Z Resolve mutations for :loader:compileReleaseRenderscript (Thread[included builds,5,main]) started.
2025-10-13T01:46:58.5727215Z :loader:compileReleaseRenderscript (Thread[included builds,5,main]) started.
2025-10-13T01:46:58.5728128Z 
2025-10-13T01:46:58.5728630Z > Task :loader:compileReleaseRenderscript NO-SOURCE
2025-10-13T01:46:58.5730200Z Skipping task ':loader:compileReleaseRenderscript' as it has no source files and no previous output files.
2025-10-13T01:46:58.5732114Z Resolve mutations for :loader:generateReleaseResValues (Thread[included builds,5,main]) started.
2025-10-13T01:46:58.5733818Z :loader:generateReleaseResValues (Thread[included builds,5,main]) started.
2025-10-13T01:46:58.5734698Z 
2025-10-13T01:46:58.5735389Z > Task :loader:generateReleaseResValues UP-TO-DATE
2025-10-13T01:46:58.5736699Z Caching disabled for task ':loader:generateReleaseResValues' because:
2025-10-13T01:46:58.5737938Z   Build cache is disabled
2025-10-13T01:46:58.5739045Z Skipping task ':loader:generateReleaseResValues' as it is up-to-date.
2025-10-13T01:46:58.5740816Z Resolve mutations for :loader:extractDeepLinksForAarRelease (Thread[included builds,5,main]) started.
2025-10-13T01:46:58.5742648Z :loader:extractDeepLinksForAarRelease (Thread[included builds,5,main]) started.
2025-10-13T01:46:58.5743579Z 
2025-10-13T01:46:58.5744122Z > Task :loader:extractDeepLinksForAarRelease UP-TO-DATE
2025-10-13T01:46:58.5775855Z Caching disabled for task ':loader:extractDeepLinksForAarRelease' because:
2025-10-13T01:46:58.5777154Z   Build cache is disabled
2025-10-13T01:46:58.5778381Z Skipping task ':loader:extractDeepLinksForAarRelease' as it is up-to-date.
2025-10-13T01:46:58.5780147Z Resolve mutations for :loader:generateReleaseBuildConfig (Thread[included builds,5,main]) started.
2025-10-13T01:46:58.5781958Z :loader:generateReleaseBuildConfig (Thread[included builds,5,main]) started.
2025-10-13T01:46:58.6487710Z 
2025-10-13T01:46:58.6492438Z > Task :loader:generateReleaseBuildConfig UP-TO-DATE
2025-10-13T01:46:58.6497457Z Caching disabled for task ':loader:generateReleaseBuildConfig' because:
2025-10-13T01:46:58.6498692Z   Build cache is disabled
2025-10-13T01:46:58.6499842Z Skipping task ':loader:generateReleaseBuildConfig' as it is up-to-date.
2025-10-13T01:46:58.6501472Z Resolve mutations for :loader:generateReleaseResources (Thread[included builds,5,main]) started.
2025-10-13T01:46:58.6503209Z :loader:generateReleaseResources (Thread[included builds,5,main]) started.
2025-10-13T01:46:58.6504136Z 
2025-10-13T01:46:58.6504648Z > Task :loader:generateReleaseResources UP-TO-DATE
2025-10-13T01:46:58.6506200Z Skipping task ':loader:generateReleaseResources' as it has no actions.
2025-10-13T01:46:58.6507885Z Resolve mutations for :loader:packageReleaseResources (Thread[included builds,5,main]) started.
2025-10-13T01:46:58.6509595Z :loader:packageReleaseResources (Thread[included builds,5,main]) started.
2025-10-13T01:46:58.6510497Z 
2025-10-13T01:46:58.6511012Z > Task :loader:packageReleaseResources UP-TO-DATE
2025-10-13T01:46:58.6512360Z Caching disabled for task ':loader:packageReleaseResources' because:
2025-10-13T01:46:58.6513609Z   Build cache is disabled
2025-10-13T01:46:58.6514738Z Skipping task ':loader:packageReleaseResources' as it is up-to-date.
2025-10-13T01:46:58.6516694Z Resolve mutations for :loader:parseReleaseLocalResources (Thread[included builds,5,main]) started.
2025-10-13T01:46:58.6518494Z :loader:parseReleaseLocalResources (Thread[included builds,5,main]) started.
2025-10-13T01:46:58.6519431Z 
2025-10-13T01:46:58.6519965Z > Task :loader:parseReleaseLocalResources UP-TO-DATE
2025-10-13T01:46:58.6521638Z Caching disabled for task ':loader:parseReleaseLocalResources' because:
2025-10-13T01:46:58.6525457Z   Build cache is disabled
2025-10-13T01:46:58.6526659Z Skipping task ':loader:parseReleaseLocalResources' as it is up-to-date.
2025-10-13T01:46:58.6528351Z Resolve mutations for :loader:processReleaseManifest (Thread[included builds,5,main]) started.
2025-10-13T01:46:58.6530059Z :loader:processReleaseManifest (Thread[included builds,5,main]) started.
2025-10-13T01:46:58.6531254Z 
2025-10-13T01:46:58.6531754Z > Task :loader:processReleaseManifest UP-TO-DATE
2025-10-13T01:46:58.6533061Z Caching disabled for task ':loader:processReleaseManifest' because:
2025-10-13T01:46:58.6534318Z   Build cache is disabled
2025-10-13T01:46:58.6535646Z Skipping task ':loader:processReleaseManifest' as it is up-to-date.
2025-10-13T01:46:58.6537501Z Resolve mutations for :loader:generateReleaseRFile (Thread[included builds,5,main]) started.
2025-10-13T01:46:58.6563209Z :loader:generateReleaseRFile (Thread[included builds,5,main]) started.
2025-10-13T01:46:58.6564136Z 
2025-10-13T01:46:58.6564628Z > Task :loader:generateReleaseRFile UP-TO-DATE
2025-10-13T01:46:58.6566093Z Caching disabled for task ':loader:generateReleaseRFile' because:
2025-10-13T01:46:58.6567311Z   Build cache is disabled
2025-10-13T01:46:58.6568425Z Skipping task ':loader:generateReleaseRFile' as it is up-to-date.
2025-10-13T01:46:58.6570096Z Resolve mutations for :loader:extractReleaseAnnotations (Thread[included builds,5,main]) started.
2025-10-13T01:46:58.6571853Z :loader:extractReleaseAnnotations (Thread[included builds,5,main]) started.
2025-10-13T01:46:58.7504125Z 
2025-10-13T01:46:58.7509178Z > Task :loader:extractReleaseAnnotations UP-TO-DATE
2025-10-13T01:46:58.7527142Z Caching disabled for task ':loader:extractReleaseAnnotations' because:
2025-10-13T01:46:58.7528429Z   Build cache is disabled
2025-10-13T01:46:58.7529616Z Skipping task ':loader:extractReleaseAnnotations' as it is up-to-date.
2025-10-13T01:46:58.7531401Z Resolve mutations for :loader:javaPreCompileRelease (Thread[Execution worker Thread 3,5,main]) started.
2025-10-13T01:46:58.7533196Z :loader:javaPreCompileRelease (Thread[Execution worker Thread 2,5,main]) started.
2025-10-13T01:46:58.7534123Z 
2025-10-13T01:46:58.7534611Z > Task :loader:javaPreCompileRelease UP-TO-DATE
2025-10-13T01:46:58.7536122Z Caching disabled for task ':loader:javaPreCompileRelease' because:
2025-10-13T01:46:58.7537404Z   Build cache is disabled
2025-10-13T01:46:58.7538574Z Skipping task ':loader:javaPreCompileRelease' as it is up-to-date.
2025-10-13T01:46:58.7540344Z Resolve mutations for :loader:compileReleaseJavaWithJavac (Thread[Execution worker Thread 2,5,main]) started.
2025-10-13T01:46:58.7542260Z :loader:compileReleaseJavaWithJavac (Thread[Execution worker Thread 2,5,main]) started.
2025-10-13T01:46:58.7543229Z 
2025-10-13T01:46:58.7543741Z > Task :loader:compileReleaseJavaWithJavac UP-TO-DATE
2025-10-13T01:46:58.7545340Z Custom actions are attached to task ':loader:compileReleaseJavaWithJavac'.
2025-10-13T01:46:58.7546874Z Caching disabled for task ':loader:compileReleaseJavaWithJavac' because:
2025-10-13T01:46:58.7548153Z   Build cache is disabled
2025-10-13T01:46:58.7549365Z Skipping task ':loader:compileReleaseJavaWithJavac' as it is up-to-date.
2025-10-13T01:46:58.7551231Z Resolve mutations for :loader:mergeReleaseGeneratedProguardFiles (Thread[Execution worker Thread 2,5,main]) started.
2025-10-13T01:46:58.7553218Z :loader:mergeReleaseGeneratedProguardFiles (Thread[included builds,5,main]) started.
2025-10-13T01:46:58.7554194Z 
2025-10-13T01:46:58.7554758Z > Task :loader:mergeReleaseGeneratedProguardFiles UP-TO-DATE
2025-10-13T01:46:58.7556449Z Caching disabled for task ':loader:mergeReleaseGeneratedProguardFiles' because:
2025-10-13T01:46:58.7557744Z   Build cache is disabled
2025-10-13T01:46:58.7558689Z   Caching has been disabled for the task
2025-10-13T01:46:58.7560182Z Skipping task ':loader:mergeReleaseGeneratedProguardFiles' as it is up-to-date.
2025-10-13T01:46:58.7562524Z Resolve mutations for :loader:mergeReleaseConsumerProguardFiles (Thread[Execution worker Thread 2,5,main]) started.
2025-10-13T01:46:58.7564571Z :loader:mergeReleaseConsumerProguardFiles (Thread[Execution worker Thread 3,5,main]) started.
2025-10-13T01:46:58.7565799Z 
2025-10-13T01:46:58.7566356Z > Task :loader:mergeReleaseConsumerProguardFiles UP-TO-DATE
2025-10-13T01:46:58.7567837Z Caching disabled for task ':loader:mergeReleaseConsumerProguardFiles' because:
2025-10-13T01:46:58.7569467Z   Build cache is disabled
2025-10-13T01:46:58.7570473Z   Caching has been disabled for the task
2025-10-13T01:46:58.7571831Z Skipping task ':loader:mergeReleaseConsumerProguardFiles' as it is up-to-date.
2025-10-13T01:46:58.7573639Z Resolve mutations for :loader:mergeReleaseShaders (Thread[Execution worker Thread 3,5,main]) started.
2025-10-13T01:46:58.7598502Z :loader:mergeReleaseShaders (Thread[Execution worker Thread 3,5,main]) started.
2025-10-13T01:46:58.7599450Z 
2025-10-13T01:46:58.7599939Z > Task :loader:mergeReleaseShaders UP-TO-DATE
2025-10-13T01:46:58.7601215Z Caching disabled for task ':loader:mergeReleaseShaders' because:
2025-10-13T01:46:58.7602460Z   Build cache is disabled
2025-10-13T01:46:58.7603568Z Skipping task ':loader:mergeReleaseShaders' as it is up-to-date.
2025-10-13T01:46:58.7605433Z Resolve mutations for :loader:compileReleaseShaders (Thread[Execution worker Thread 3,5,main]) started.
2025-10-13T01:46:58.7607230Z :loader:compileReleaseShaders (Thread[Execution worker Thread 3,5,main]) started.
2025-10-13T01:46:58.7608172Z 
2025-10-13T01:46:58.7608638Z > Task :loader:compileReleaseShaders NO-SOURCE
2025-10-13T01:46:58.7610159Z Skipping task ':loader:compileReleaseShaders' as it has no source files and no previous output files.
2025-10-13T01:46:58.7612118Z Resolve mutations for :loader:generateReleaseAssets (Thread[Execution worker Thread 3,5,main]) started.
2025-10-13T01:46:58.7613904Z :loader:generateReleaseAssets (Thread[Execution worker Thread 3,5,main]) started.
2025-10-13T01:46:58.7614842Z 
2025-10-13T01:46:58.7615541Z > Task :loader:generateReleaseAssets UP-TO-DATE
2025-10-13T01:46:58.7616802Z Skipping task ':loader:generateReleaseAssets' as it has no actions.
2025-10-13T01:46:58.7618462Z Resolve mutations for :loader:packageReleaseAssets (Thread[included builds,5,main]) started.
2025-10-13T01:46:58.7620143Z :loader:packageReleaseAssets (Thread[included builds,5,main]) started.
2025-10-13T01:46:58.7621005Z 
2025-10-13T01:46:58.7621461Z > Task :loader:packageReleaseAssets UP-TO-DATE
2025-10-13T01:46:58.7622705Z Caching disabled for task ':loader:packageReleaseAssets' because:
2025-10-13T01:46:58.7623912Z   Build cache is disabled
2025-10-13T01:46:58.7625190Z Skipping task ':loader:packageReleaseAssets' as it is up-to-date.
2025-10-13T01:46:58.7626841Z Resolve mutations for :loader:packageReleaseRenderscript (Thread[included builds,5,main]) started.
2025-10-13T01:46:58.7628545Z :loader:packageReleaseRenderscript (Thread[included builds,5,main]) started.
2025-10-13T01:46:58.7629425Z 
2025-10-13T01:46:58.7629913Z > Task :loader:packageReleaseRenderscript NO-SOURCE
2025-10-13T01:46:58.7631463Z Skipping task ':loader:packageReleaseRenderscript' as it has no source files and no previous output files.
2025-10-13T01:46:58.7633344Z Resolve mutations for :loader:prepareLintJarForPublish (Thread[included builds,5,main]) started.
2025-10-13T01:46:58.7635175Z :loader:prepareLintJarForPublish (Thread[included builds,5,main]) started.
2025-10-13T01:46:58.7636071Z 
2025-10-13T01:46:58.7636551Z > Task :loader:prepareLintJarForPublish UP-TO-DATE
2025-10-13T01:46:58.7637827Z Caching disabled for task ':loader:prepareLintJarForPublish' because:
2025-10-13T01:46:58.7639040Z   Build cache is disabled
2025-10-13T01:46:58.7639958Z   Caching has been disabled for the task
2025-10-13T01:46:58.7641179Z Skipping task ':loader:prepareLintJarForPublish' as it is up-to-date.
2025-10-13T01:46:58.7642810Z Resolve mutations for :loader:prepareReleaseArtProfile (Thread[Execution worker,5,main]) started.
2025-10-13T01:46:58.7645082Z :loader:prepareReleaseArtProfile (Thread[Execution worker,5,main]) started.
2025-10-13T01:46:58.7645989Z 
2025-10-13T01:46:58.7646499Z > Task :loader:prepareReleaseArtProfile UP-TO-DATE
2025-10-13T01:46:58.7647747Z Caching disabled for task ':loader:prepareReleaseArtProfile' because:
2025-10-13T01:46:58.7649101Z   Build cache is disabled
2025-10-13T01:46:58.7650016Z   Caching has been disabled for the task
2025-10-13T01:46:58.7651801Z Skipping task ':loader:prepareReleaseArtProfile' as it is up-to-date.
2025-10-13T01:46:58.7653513Z Resolve mutations for :loader:processReleaseJavaRes (Thread[Execution worker,5,main]) started.
2025-10-13T01:46:58.7655082Z :loader:processReleaseJavaRes (Thread[Execution worker,5,main]) started.
2025-10-13T01:46:58.7655807Z 
2025-10-13T01:46:58.7656209Z > Task :loader:processReleaseJavaRes NO-SOURCE
2025-10-13T01:46:58.7657604Z Skipping task ':loader:processReleaseJavaRes' as it has no source files and no previous output files.
2025-10-13T01:46:58.7659304Z Resolve mutations for :loader:mergeReleaseJavaResource (Thread[included builds,5,main]) started.
2025-10-13T01:46:58.7660933Z :loader:mergeReleaseJavaResource (Thread[included builds,5,main]) started.
2025-10-13T01:46:58.7661778Z 
2025-10-13T01:46:58.7662228Z > Task :loader:mergeReleaseJavaResource UP-TO-DATE
2025-10-13T01:46:58.7663440Z Caching disabled for task ':loader:mergeReleaseJavaResource' because:
2025-10-13T01:46:58.7665513Z   Build cache is disabled
2025-10-13T01:46:58.7666958Z   Caching has been disabled for the task
2025-10-13T01:46:58.7668216Z Skipping task ':loader:mergeReleaseJavaResource' as it is up-to-date.
2025-10-13T01:46:58.7669771Z Resolve mutations for :loader:syncReleaseLibJars (Thread[included builds,5,main]) started.
2025-10-13T01:46:58.7671284Z :loader:syncReleaseLibJars (Thread[included builds,5,main]) started.
2025-10-13T01:46:58.7672087Z 
2025-10-13T01:46:58.7672535Z > Task :loader:syncReleaseLibJars UP-TO-DATE
2025-10-13T01:46:58.7673629Z Caching disabled for task ':loader:syncReleaseLibJars' because:
2025-10-13T01:46:58.7674803Z   Build cache is disabled
2025-10-13T01:46:58.7675945Z Skipping task ':loader:syncReleaseLibJars' as it is up-to-date.
2025-10-13T01:46:58.7677333Z Resolve mutations for :loader:writeReleaseAarMetadata (Thread[included builds,5,main]) started.
2025-10-13T01:46:58.7678942Z :loader:writeReleaseAarMetadata (Thread[included builds,5,main]) started.
2025-10-13T01:46:58.7679739Z 
2025-10-13T01:46:58.7680184Z > Task :loader:writeReleaseAarMetadata UP-TO-DATE
2025-10-13T01:46:58.7681463Z Caching disabled for task ':loader:writeReleaseAarMetadata' because:
2025-10-13T01:46:58.7682723Z   Build cache is disabled
2025-10-13T01:46:58.7683694Z   Caching has been disabled for the task
2025-10-13T01:46:58.7685125Z Skipping task ':loader:writeReleaseAarMetadata' as it is up-to-date.
2025-10-13T01:46:58.7686670Z Resolve mutations for :loader:bundleReleaseAar (Thread[included builds,5,main]) started.
2025-10-13T01:46:58.7688142Z :loader:bundleReleaseAar (Thread[included builds,5,main]) started.
2025-10-13T01:46:58.7688930Z 
2025-10-13T01:46:58.7689360Z > Task :loader:bundleReleaseAar UP-TO-DATE
2025-10-13T01:46:58.7690416Z Caching disabled for task ':loader:bundleReleaseAar' because:
2025-10-13T01:46:58.7691550Z   Build cache is disabled
2025-10-13T01:46:58.7692403Z   Caching has been disabled for the task
2025-10-13T01:46:58.7693543Z Skipping task ':loader:bundleReleaseAar' as it is up-to-date.
2025-10-13T01:46:58.7695424Z Resolve mutations for :loader:generateMetadataFileForMavenPublication (Thread[included builds,5,main]) started.
2025-10-13T01:46:58.7697348Z :loader:generateMetadataFileForMavenPublication (Thread[included builds,5,main]) started.
2025-10-13T01:46:58.7698353Z 
2025-10-13T01:46:58.7698864Z > Task :loader:generateMetadataFileForMavenPublication
2025-10-13T01:46:58.7700282Z Caching disabled for task ':loader:generateMetadataFileForMavenPublication' because:
2025-10-13T01:46:58.7701509Z   Build cache is disabled
2025-10-13T01:46:58.7702411Z   Not made cacheable, yet
2025-10-13T01:46:58.7703819Z Task ':loader:generateMetadataFileForMavenPublication' is not up-to-date because:
2025-10-13T01:46:58.7705340Z   Task.upToDateWhen is false.
2025-10-13T01:46:58.7706755Z Resolve mutations for :loader:generatePomFileForMavenPublication (Thread[included builds,5,main]) started.
2025-10-13T01:46:58.7708625Z :loader:generatePomFileForMavenPublication (Thread[included builds,5,main]) started.
2025-10-13T01:46:58.8480213Z 
2025-10-13T01:46:58.8483371Z > Task :loader:generatePomFileForMavenPublication
2025-10-13T01:46:58.8492055Z Caching disabled for task ':loader:generatePomFileForMavenPublication' because:
2025-10-13T01:46:58.8493307Z   Build cache is disabled
2025-10-13T01:46:58.8494453Z Task ':loader:generatePomFileForMavenPublication' is not up-to-date because:
2025-10-13T01:46:58.8496254Z   Task is untracked because: Gradle doesn't understand the data structures used to configure this task
2025-10-13T01:46:58.8498244Z Resolve mutations for :loader:publishMavenPublicationToCentralPortalRepository (Thread[included builds,5,main]) started.
2025-10-13T01:46:58.8500385Z :loader:publishMavenPublicationToCentralPortalRepository (Thread[included builds,5,main]) started.
2025-10-13T01:46:59.2477193Z 
2025-10-13T01:46:59.2478489Z > Task :loader:publishMavenPublicationToCentralPortalRepository FAILED
2025-10-13T01:46:59.2480685Z Caching disabled for task ':loader:publishMavenPublicationToCentralPortalRepository' because:
2025-10-13T01:46:59.2482038Z   Build cache is disabled
2025-10-13T01:46:59.2483353Z Task ':loader:publishMavenPublicationToCentralPortalRepository' is not up-to-date because:
2025-10-13T01:46:59.2484787Z   Task has not declared any outputs despite executing actions.
2025-10-13T01:46:59.3548755Z 
2025-10-13T01:46:59.3549402Z FAILURE: Build failed with an exception.
2025-10-13T01:46:59.3550175Z 
2025-10-13T01:46:59.3550584Z * What went wrong:
2025-10-13T01:46:59.3551803Z Execution failed for task ':loader:publishMavenPublicationToCentralPortalRepository'.
2025-10-13T01:46:59.3553406Z > Failed to publish publication 'maven' to repository 'CentralPortal'
2025-10-13T01:46:59.3555602Z    > Invalid publication 'maven': artifact file does not exist: '/home/runner/work/PedroJSON/PedroJSON/loader/build/publications/maven/module.json.asc'
2025-10-13T01:46:59.3556994Z 
2025-10-13T01:46:59.3557373Z * Try:
2025-10-13T01:46:59.3558299Z > Run with --debug option to get more log output.
2025-10-13T01:46:59.3559455Z > Run with --scan to get full insights.
2025-10-13T01:46:59.3560611Z > Get more help at https://help.gradle.org.
2025-10-13T01:46:59.3561298Z 
2025-10-13T01:46:59.3561710Z * Exception is:
2025-10-13T01:46:59.3563333Z org.gradle.api.tasks.TaskExecutionException: Execution failed for task ':loader:publishMavenPublicationToCentralPortalRepository'.
2025-10-13T01:46:59.3566326Z 	at org.gradle.api.internal.tasks.execution.ExecuteActionsTaskExecuter.lambda$executeIfValid$1(ExecuteActionsTaskExecuter.java:130)
2025-10-13T01:46:59.3568363Z 	at org.gradle.internal.Try$Failure.ifSuccessfulOrElse(Try.java:293)
2025-10-13T01:46:59.3570382Z 	at org.gradle.api.internal.tasks.execution.ExecuteActionsTaskExecuter.executeIfValid(ExecuteActionsTaskExecuter.java:128)
2025-10-13T01:46:59.3572979Z 	at org.gradle.api.internal.tasks.execution.ExecuteActionsTaskExecuter.execute(ExecuteActionsTaskExecuter.java:116)
2025-10-13T01:46:59.3586626Z 	at org.gradle.api.internal.tasks.execution.ProblemsTaskPathTrackingTaskExecuter.execute(ProblemsTaskPathTrackingTaskExecuter.java:40)
2025-10-13T01:46:59.3589318Z 	at org.gradle.api.internal.tasks.execution.FinalizePropertiesTaskExecuter.execute(FinalizePropertiesTaskExecuter.java:46)
2025-10-13T01:46:59.3591855Z 	at org.gradle.api.internal.tasks.execution.ResolveTaskExecutionModeExecuter.execute(ResolveTaskExecutionModeExecuter.java:51)
2025-10-13T01:46:59.3594388Z 	at org.gradle.api.internal.tasks.execution.SkipTaskWithNoActionsExecuter.execute(SkipTaskWithNoActionsExecuter.java:57)
2025-10-13T01:46:59.3596894Z 	at org.gradle.api.internal.tasks.execution.SkipOnlyIfTaskExecuter.execute(SkipOnlyIfTaskExecuter.java:74)
2025-10-13T01:46:59.3599531Z 	at org.gradle.api.internal.tasks.execution.CatchExceptionTaskExecuter.execute(CatchExceptionTaskExecuter.java:36)
2025-10-13T01:46:59.3601903Z 	at org.gradle.api.internal.tasks.execution.EventFiringTaskExecuter$1.executeTask(EventFiringTaskExecuter.java:77)
2025-10-13T01:46:59.3604119Z 	at org.gradle.api.internal.tasks.execution.EventFiringTaskExecuter$1.call(EventFiringTaskExecuter.java:55)
2025-10-13T01:46:59.3606879Z 	at org.gradle.api.internal.tasks.execution.EventFiringTaskExecuter$1.call(EventFiringTaskExecuter.java:52)
2025-10-13T01:46:59.3609323Z 	at org.gradle.internal.operations.DefaultBuildOperationRunner$CallableBuildOperationWorker.execute(DefaultBuildOperationRunner.java:209)
2025-10-13T01:46:59.3611969Z 	at org.gradle.internal.operations.DefaultBuildOperationRunner$CallableBuildOperationWorker.execute(DefaultBuildOperationRunner.java:204)
2025-10-13T01:46:59.3622533Z 	at org.gradle.internal.operations.DefaultBuildOperationRunner$2.execute(DefaultBuildOperationRunner.java:66)
2025-10-13T01:46:59.3624650Z 	at org.gradle.internal.operations.DefaultBuildOperationRunner$2.execute(DefaultBuildOperationRunner.java:59)
2025-10-13T01:46:59.3627281Z 	at org.gradle.internal.operations.DefaultBuildOperationRunner.execute(DefaultBuildOperationRunner.java:166)
2025-10-13T01:46:59.3629557Z 	at org.gradle.internal.operations.DefaultBuildOperationRunner.execute(DefaultBuildOperationRunner.java:59)
2025-10-13T01:46:59.3631584Z 	at org.gradle.internal.operations.DefaultBuildOperationRunner.call(DefaultBuildOperationRunner.java:53)
2025-10-13T01:46:59.3633969Z 	at org.gradle.api.internal.tasks.execution.EventFiringTaskExecuter.execute(EventFiringTaskExecuter.java:52)
2025-10-13T01:46:59.3636190Z 	at org.gradle.execution.plan.LocalTaskNodeExecutor.execute(LocalTaskNodeExecutor.java:42)
2025-10-13T01:46:59.3638280Z 	at org.gradle.execution.taskgraph.DefaultTaskExecutionGraph$InvokeNodeExecutorsAction.execute(DefaultTaskExecutionGraph.java:331)
2025-10-13T01:46:59.3640754Z 	at org.gradle.execution.taskgraph.DefaultTaskExecutionGraph$InvokeNodeExecutorsAction.execute(DefaultTaskExecutionGraph.java:318)
2025-10-13T01:46:59.3643411Z 	at org.gradle.execution.taskgraph.DefaultTaskExecutionGraph$BuildOperationAwareExecutionAction.lambda$execute$0(DefaultTaskExecutionGraph.java:314)
2025-10-13T01:46:59.3646850Z 	at org.gradle.internal.operations.CurrentBuildOperationRef.with(CurrentBuildOperationRef.java:85)
2025-10-13T01:46:59.3649268Z 	at org.gradle.execution.taskgraph.DefaultTaskExecutionGraph$BuildOperationAwareExecutionAction.execute(DefaultTaskExecutionGraph.java:314)
2025-10-13T01:46:59.3651980Z 	at org.gradle.execution.taskgraph.DefaultTaskExecutionGraph$BuildOperationAwareExecutionAction.execute(DefaultTaskExecutionGraph.java:303)
2025-10-13T01:46:59.3654421Z 	at org.gradle.execution.plan.DefaultPlanExecutor$ExecutorWorker.execute(DefaultPlanExecutor.java:459)
2025-10-13T01:46:59.3656748Z 	at org.gradle.execution.plan.DefaultPlanExecutor$ExecutorWorker.run(DefaultPlanExecutor.java:376)
2025-10-13T01:46:59.3658724Z 	at org.gradle.execution.plan.DefaultPlanExecutor.process(DefaultPlanExecutor.java:111)
2025-10-13T01:46:59.3660860Z 	at org.gradle.execution.taskgraph.DefaultTaskExecutionGraph.executeWithServices(DefaultTaskExecutionGraph.java:138)
2025-10-13T01:46:59.3663175Z 	at org.gradle.execution.taskgraph.DefaultTaskExecutionGraph.execute(DefaultTaskExecutionGraph.java:123)
2025-10-13T01:46:59.3665473Z 	at org.gradle.execution.SelectedTaskExecutionAction.execute(SelectedTaskExecutionAction.java:35)
2025-10-13T01:46:59.3667516Z 	at org.gradle.execution.DryRunBuildExecutionAction.execute(DryRunBuildExecutionAction.java:51)
2025-10-13T01:46:59.3669820Z 	at org.gradle.execution.BuildOperationFiringBuildWorkerExecutor$ExecuteTasks.call(BuildOperationFiringBuildWorkerExecutor.java:54)
2025-10-13T01:46:59.3672432Z 	at org.gradle.execution.BuildOperationFiringBuildWorkerExecutor$ExecuteTasks.call(BuildOperationFiringBuildWorkerExecutor.java:43)
2025-10-13T01:46:59.3675699Z 	at org.gradle.internal.operations.DefaultBuildOperationRunner$CallableBuildOperationWorker.execute(DefaultBuildOperationRunner.java:209)
2025-10-13T01:46:59.3696371Z 	at org.gradle.internal.operations.DefaultBuildOperationRunner$CallableBuildOperationWorker.execute(DefaultBuildOperationRunner.java:204)
2025-10-13T01:46:59.3698868Z 	at org.gradle.internal.operations.DefaultBuildOperationRunner$2.execute(DefaultBuildOperationRunner.java:66)
2025-10-13T01:46:59.3701321Z 	at org.gradle.internal.operations.DefaultBuildOperationRunner$2.execute(DefaultBuildOperationRunner.java:59)
2025-10-13T01:46:59.3703500Z 	at org.gradle.internal.operations.DefaultBuildOperationRunner.execute(DefaultBuildOperationRunner.java:166)
2025-10-13T01:46:59.3706037Z 	at org.gradle.internal.operations.DefaultBuildOperationRunner.execute(DefaultBuildOperationRunner.java:59)
2025-10-13T01:46:59.3708267Z 	at org.gradle.internal.operations.DefaultBuildOperationRunner.call(DefaultBuildOperationRunner.java:53)
2025-10-13T01:46:59.3731603Z 	at org.gradle.execution.BuildOperationFiringBuildWorkerExecutor.execute(BuildOperationFiringBuildWorkerExecutor.java:40)
2025-10-13T01:46:59.3734192Z 	at org.gradle.internal.build.DefaultBuildLifecycleController.lambda$executeTasks$10(DefaultBuildLifecycleController.java:313)
2025-10-13T01:46:59.3736528Z 	at org.gradle.internal.model.StateTransitionController.doTransition(StateTransitionController.java:266)
2025-10-13T01:46:59.3738656Z 	at org.gradle.internal.model.StateTransitionController.lambda$tryTransition$8(StateTransitionController.java:177)
2025-10-13T01:46:59.3740637Z 	at org.gradle.internal.work.DefaultSynchronizer.withLock(DefaultSynchronizer.java:46)
2025-10-13T01:46:59.3742547Z 	at org.gradle.internal.model.StateTransitionController.tryTransition(StateTransitionController.java:177)
2025-10-13T01:46:59.3744699Z 	at org.gradle.internal.build.DefaultBuildLifecycleController.executeTasks(DefaultBuildLifecycleController.java:304)
2025-10-13T01:46:59.3747429Z 	at org.gradle.internal.build.DefaultBuildWorkGraphController$DefaultBuildWorkGraph.runWork(DefaultBuildWorkGraphController.java:220)
2025-10-13T01:46:59.3749719Z 	at org.gradle.internal.work.DefaultWorkerLeaseService.withLocks(DefaultWorkerLeaseService.java:263)
2025-10-13T01:46:59.3751809Z 	at org.gradle.internal.work.DefaultWorkerLeaseService.runAsWorkerThread(DefaultWorkerLeaseService.java:127)
2025-10-13T01:46:59.3753846Z 	at org.gradle.composite.internal.DefaultBuildController.doRun(DefaultBuildController.java:181)
2025-10-13T01:46:59.3755980Z 	at org.gradle.composite.internal.DefaultBuildController.access$000(DefaultBuildController.java:50)
2025-10-13T01:46:59.3758045Z 	at org.gradle.composite.internal.DefaultBuildController$BuildOpRunnable.lambda$run$0(DefaultBuildController.java:198)
2025-10-13T01:46:59.3760140Z 	at org.gradle.internal.operations.CurrentBuildOperationRef.with(CurrentBuildOperationRef.java:85)
2025-10-13T01:46:59.3762620Z 	at org.gradle.composite.internal.DefaultBuildController$BuildOpRunnable.run(DefaultBuildController.java:198)
2025-10-13T01:46:59.3765172Z 	at org.gradle.internal.concurrent.ExecutorPolicy$CatchAndRecordFailures.onExecute(ExecutorPolicy.java:64)
2025-10-13T01:46:59.3767146Z 	at org.gradle.internal.concurrent.AbstractManagedExecutor$1.run(AbstractManagedExecutor.java:48)
2025-10-13T01:46:59.3769469Z Caused by: org.gradle.api.artifacts.PublishException: Failed to publish publication 'maven' to repository 'CentralPortal'
2025-10-13T01:46:59.3770994Z 	at org.gradle.api.publish.internal.PublishOperation.run(PublishOperation.java:46)
2025-10-13T01:46:59.3772108Z 	at org.gradle.api.publish.maven.tasks.PublishToMavenRepository.doPublish(PublishToMavenRepository.java:126)
2025-10-13T01:46:59.3773269Z 	at org.gradle.api.publish.maven.tasks.PublishToMavenRepository.publish(PublishToMavenRepository.java:100)
2025-10-13T01:46:59.3774306Z 	at java.base/jdk.internal.reflect.NativeMethodAccessorImpl.invoke0(Native Method)
2025-10-13T01:46:59.3775577Z 	at java.base/jdk.internal.reflect.NativeMethodAccessorImpl.invoke(NativeMethodAccessorImpl.java:62)
2025-10-13T01:46:59.3776936Z 	at java.base/jdk.internal.reflect.DelegatingMethodAccessorImpl.invoke(DelegatingMethodAccessorImpl.java:43)
2025-10-13T01:46:59.3777993Z 	at org.gradle.internal.reflect.JavaMethod.invoke(JavaMethod.java:125)
2025-10-13T01:46:59.3778982Z 	at org.gradle.api.internal.project.taskfactory.StandardTaskAction.doExecute(StandardTaskAction.java:58)
2025-10-13T01:46:59.3780103Z 	at org.gradle.api.internal.project.taskfactory.StandardTaskAction.execute(StandardTaskAction.java:51)
2025-10-13T01:46:59.3781346Z 	at org.gradle.api.internal.project.taskfactory.StandardTaskAction.execute(StandardTaskAction.java:29)
2025-10-13T01:46:59.3782393Z 	at org.gradle.api.internal.tasks.execution.TaskExecution$3.run(TaskExecution.java:244)
2025-10-13T01:46:59.3783461Z 	at org.gradle.internal.operations.DefaultBuildOperationRunner$1.execute(DefaultBuildOperationRunner.java:29)
2025-10-13T01:46:59.3784096Z 
2025-10-13T01:46:59.3784722Z [Incubating] Problems report is available at: file:///home/runner/work/PedroJSON/PedroJSON/build/reports/problems/problems-report.html
2025-10-13T01:46:59.3786244Z 	at org.gradle.internal.operations.DefaultBuildOperationRunner$1.execute(DefaultBuildOperationRunner.java:26)
2025-10-13T01:46:59.3787409Z 	at org.gradle.internal.operations.DefaultBuildOperationRunner$2.execute(DefaultBuildOperationRunner.java:66)
2025-10-13T01:46:59.3788568Z 	at org.gradle.internal.operations.DefaultBuildOperationRunner$2.execute(DefaultBuildOperationRunner.java:59)
2025-10-13T01:46:59.3789724Z 	at org.gradle.internal.operations.DefaultBuildOperationRunner.execute(DefaultBuildOperationRunner.java:166)
2025-10-13T01:46:59.3790889Z 	at org.gradle.internal.operations.DefaultBuildOperationRunner.execute(DefaultBuildOperationRunner.java:59)
2025-10-13T01:46:59.3792032Z 	at org.gradle.internal.operations.DefaultBuildOperationRunner.run(DefaultBuildOperationRunner.java:47)
2025-10-13T01:46:59.3793124Z 	at org.gradle.api.internal.tasks.execution.TaskExecution.executeAction(TaskExecution.java:229)
2025-10-13T01:46:59.3794175Z 	at org.gradle.api.internal.tasks.execution.TaskExecution.executeActions(TaskExecution.java:212)
2025-10-13T01:46:59.3795481Z 	at org.gradle.api.internal.tasks.execution.TaskExecution.executeWithPreviousOutputFiles(TaskExecution.java:195)
2025-10-13T01:46:59.3796611Z 	at org.gradle.api.internal.tasks.execution.TaskExecution.execute(TaskExecution.java:162)
2025-10-13T01:46:59.3797613Z 	at org.gradle.internal.execution.steps.ExecuteStep.executeInternal(ExecuteStep.java:105)
2025-10-13T01:46:59.3798581Z 	at org.gradle.internal.execution.steps.ExecuteStep.access$000(ExecuteStep.java:44)
2025-10-13T01:46:59.3799508Z 	at org.gradle.internal.execution.steps.ExecuteStep$1.call(ExecuteStep.java:59)
2025-10-13T01:46:59.3800395Z 	at org.gradle.internal.execution.steps.ExecuteStep$1.call(ExecuteStep.java:56)
2025-10-13T01:46:59.3801549Z 	at org.gradle.internal.operations.DefaultBuildOperationRunner$CallableBuildOperationWorker.execute(DefaultBuildOperationRunner.java:209)
2025-10-13T01:46:59.3802971Z 	at org.gradle.internal.operations.DefaultBuildOperationRunner$CallableBuildOperationWorker.execute(DefaultBuildOperationRunner.java:204)
2025-10-13T01:46:59.3804260Z 	at org.gradle.internal.operations.DefaultBuildOperationRunner$2.execute(DefaultBuildOperationRunner.java:66)
2025-10-13T01:46:59.3805644Z 	at org.gradle.internal.operations.DefaultBuildOperationRunner$2.execute(DefaultBuildOperationRunner.java:59)
2025-10-13T01:46:59.3806839Z 	at org.gradle.internal.operations.DefaultBuildOperationRunner.execute(DefaultBuildOperationRunner.java:166)
2025-10-13T01:46:59.3808021Z 	at org.gradle.internal.operations.DefaultBuildOperationRunner.execute(DefaultBuildOperationRunner.java:59)
2025-10-13T01:46:59.3809182Z 	at org.gradle.internal.operations.DefaultBuildOperationRunner.call(DefaultBuildOperationRunner.java:53)
2025-10-13T01:46:59.3810209Z 	at org.gradle.internal.execution.steps.ExecuteStep.execute(ExecuteStep.java:56)
2025-10-13T01:46:59.3811125Z 	at org.gradle.internal.execution.steps.ExecuteStep.execute(ExecuteStep.java:44)
2025-10-13T01:46:59.3812253Z 	at org.gradle.internal.execution.steps.CancelExecutionStep.execute(CancelExecutionStep.java:42)
2025-10-13T01:46:59.3813327Z 	at org.gradle.internal.execution.steps.TimeoutStep.executeWithoutTimeout(TimeoutStep.java:75)
2025-10-13T01:46:59.3814306Z 	at org.gradle.internal.execution.steps.TimeoutStep.execute(TimeoutStep.java:55)
2025-10-13T01:46:59.3815703Z 	at org.gradle.internal.execution.steps.PreCreateOutputParentsStep.execute(PreCreateOutputParentsStep.java:50)
2025-10-13T01:46:59.3817072Z 	at org.gradle.internal.execution.steps.PreCreateOutputParentsStep.execute(PreCreateOutputParentsStep.java:28)
2025-10-13T01:46:59.3818270Z 	at org.gradle.internal.execution.steps.RemovePreviousOutputsStep.execute(RemovePreviousOutputsStep.java:67)
2025-10-13T01:46:59.3819450Z 	at org.gradle.internal.execution.steps.RemovePreviousOutputsStep.execute(RemovePreviousOutputsStep.java:37)
2025-10-13T01:46:59.3820658Z 	at org.gradle.internal.execution.steps.BroadcastChangingOutputsStep.execute(BroadcastChangingOutputsStep.java:61)
2025-10-13T01:46:59.3821908Z 	at org.gradle.internal.execution.steps.BroadcastChangingOutputsStep.execute(BroadcastChangingOutputsStep.java:26)
2025-10-13T01:46:59.3823189Z 	at org.gradle.internal.execution.steps.CaptureOutputsAfterExecutionStep.execute(CaptureOutputsAfterExecutionStep.java:69)
2025-10-13T01:46:59.3824516Z 	at org.gradle.internal.execution.steps.CaptureOutputsAfterExecutionStep.execute(CaptureOutputsAfterExecutionStep.java:46)
2025-10-13T01:46:59.3826053Z 	at org.gradle.internal.execution.steps.ResolveInputChangesStep.execute(ResolveInputChangesStep.java:40)
2025-10-13T01:46:59.3827211Z 	at org.gradle.internal.execution.steps.ResolveInputChangesStep.execute(ResolveInputChangesStep.java:29)
2025-10-13T01:46:59.3828348Z 	at org.gradle.internal.execution.steps.BuildCacheStep.executeWithoutCache(BuildCacheStep.java:189)
2025-10-13T01:46:59.3829434Z 	at org.gradle.internal.execution.steps.BuildCacheStep.lambda$execute$1(BuildCacheStep.java:75)
2025-10-13T01:46:59.3830319Z 	at org.gradle.internal.Either$Right.fold(Either.java:175)
2025-10-13T01:46:59.3831178Z 	at org.gradle.internal.execution.caching.CachingState.fold(CachingState.java:62)
2025-10-13T01:46:59.3832164Z 	at org.gradle.internal.execution.steps.BuildCacheStep.execute(BuildCacheStep.java:73)
2025-10-13T01:46:59.3833158Z 	at org.gradle.internal.execution.steps.BuildCacheStep.execute(BuildCacheStep.java:48)
2025-10-13T01:46:59.3834226Z 	at org.gradle.internal.execution.steps.StoreExecutionStateStep.execute(StoreExecutionStateStep.java:46)
2025-10-13T01:46:59.3835485Z 	at org.gradle.internal.execution.steps.StoreExecutionStateStep.execute(StoreExecutionStateStep.java:35)
2025-10-13T01:46:59.3836632Z 	at org.gradle.internal.execution.steps.SkipUpToDateStep.executeBecause(SkipUpToDateStep.java:75)
2025-10-13T01:46:59.3837728Z 	at org.gradle.internal.execution.steps.SkipUpToDateStep.lambda$execute$2(SkipUpToDateStep.java:53)
2025-10-13T01:46:59.3838800Z 	at org.gradle.internal.execution.steps.SkipUpToDateStep.execute(SkipUpToDateStep.java:53)
2025-10-13T01:46:59.3839826Z 	at org.gradle.internal.execution.steps.SkipUpToDateStep.execute(SkipUpToDateStep.java:35)
2025-10-13T01:46:59.3841048Z 	at org.gradle.internal.execution.steps.legacy.MarkSnapshottingInputsFinishedStep.execute(MarkSnapshottingInputsFinishedStep.java:37)
2025-10-13T01:46:59.3842495Z 	at org.gradle.internal.execution.steps.legacy.MarkSnapshottingInputsFinishedStep.execute(MarkSnapshottingInputsFinishedStep.java:27)
2025-10-13T01:46:59.3843939Z 	at org.gradle.internal.execution.steps.ResolveIncrementalCachingStateStep.executeDelegate(ResolveIncrementalCachingStateStep.java:49)
2025-10-13T01:46:59.3845526Z 	at org.gradle.internal.execution.steps.ResolveIncrementalCachingStateStep.executeDelegate(ResolveIncrementalCachingStateStep.java:27)
2025-10-13T01:46:59.3846904Z 	at org.gradle.internal.execution.steps.AbstractResolveCachingStateStep.execute(AbstractResolveCachingStateStep.java:71)
2025-10-13T01:46:59.3848336Z 	at org.gradle.internal.execution.steps.AbstractResolveCachingStateStep.execute(AbstractResolveCachingStateStep.java:39)
2025-10-13T01:46:59.3849552Z 	at org.gradle.internal.execution.steps.ResolveChangesStep.execute(ResolveChangesStep.java:65)
2025-10-13T01:46:59.3850604Z 	at org.gradle.internal.execution.steps.ResolveChangesStep.execute(ResolveChangesStep.java:36)
2025-10-13T01:46:59.3851591Z 	at org.gradle.internal.execution.steps.ValidateStep.execute(ValidateStep.java:107)
2025-10-13T01:46:59.3852669Z 	at org.gradle.internal.execution.steps.ValidateStep.execute(ValidateStep.java:56)
2025-10-13T01:46:59.3853884Z 	at org.gradle.internal.execution.steps.AbstractCaptureStateBeforeExecutionStep.execute(AbstractCaptureStateBeforeExecutionStep.java:64)
2025-10-13T01:46:59.3855456Z 	at org.gradle.internal.execution.steps.AbstractCaptureStateBeforeExecutionStep.execute(AbstractCaptureStateBeforeExecutionStep.java:43)
2025-10-13T01:46:59.3856888Z 	at org.gradle.internal.execution.steps.AbstractSkipEmptyWorkStep.executeWithNonEmptySources(AbstractSkipEmptyWorkStep.java:125)
2025-10-13T01:46:59.3858190Z 	at org.gradle.internal.execution.steps.AbstractSkipEmptyWorkStep.execute(AbstractSkipEmptyWorkStep.java:56)
2025-10-13T01:46:59.3859374Z 	at org.gradle.internal.execution.steps.AbstractSkipEmptyWorkStep.execute(AbstractSkipEmptyWorkStep.java:36)
2025-10-13T01:46:59.3860678Z 	at org.gradle.internal.execution.steps.legacy.MarkSnapshottingInputsStartedStep.execute(MarkSnapshottingInputsStartedStep.java:38)
2025-10-13T01:46:59.3862032Z 	at org.gradle.internal.execution.steps.LoadPreviousExecutionStateStep.execute(LoadPreviousExecutionStateStep.java:36)
2025-10-13T01:46:59.3863316Z 	at org.gradle.internal.execution.steps.LoadPreviousExecutionStateStep.execute(LoadPreviousExecutionStateStep.java:23)
2025-10-13T01:46:59.3864525Z 	at org.gradle.internal.execution.steps.HandleStaleOutputsStep.execute(HandleStaleOutputsStep.java:75)
2025-10-13T01:46:59.3865752Z 	at org.gradle.internal.execution.steps.HandleStaleOutputsStep.execute(HandleStaleOutputsStep.java:41)
2025-10-13T01:46:59.3866957Z 	at org.gradle.internal.execution.steps.AssignMutableWorkspaceStep.lambda$execute$0(AssignMutableWorkspaceStep.java:35)
2025-10-13T01:46:59.3868136Z 	at org.gradle.api.internal.tasks.execution.TaskExecution$4.withWorkspace(TaskExecution.java:289)
2025-10-13T01:46:59.3869263Z 	at org.gradle.internal.execution.steps.AssignMutableWorkspaceStep.execute(AssignMutableWorkspaceStep.java:31)
2025-10-13T01:46:59.3870464Z 	at org.gradle.internal.execution.steps.AssignMutableWorkspaceStep.execute(AssignMutableWorkspaceStep.java:22)
2025-10-13T01:46:59.3871587Z 	at org.gradle.internal.execution.steps.ChoosePipelineStep.execute(ChoosePipelineStep.java:40)
2025-10-13T01:46:59.3872633Z 	at org.gradle.internal.execution.steps.ChoosePipelineStep.execute(ChoosePipelineStep.java:23)
2025-10-13T01:46:59.3873879Z 	at org.gradle.internal.execution.steps.ExecuteWorkBuildOperationFiringStep.lambda$execute$2(ExecuteWorkBuildOperationFiringStep.java:67)
2025-10-13T01:46:59.3875405Z 	at org.gradle.internal.execution.steps.ExecuteWorkBuildOperationFiringStep.execute(ExecuteWorkBuildOperationFiringStep.java:67)
2025-10-13T01:46:59.3876783Z 	at org.gradle.internal.execution.steps.ExecuteWorkBuildOperationFiringStep.execute(ExecuteWorkBuildOperationFiringStep.java:39)
2025-10-13T01:46:59.3878016Z 	at org.gradle.internal.execution.steps.IdentityCacheStep.execute(IdentityCacheStep.java:46)
2025-10-13T01:46:59.3879057Z 	at org.gradle.internal.execution.steps.IdentityCacheStep.execute(IdentityCacheStep.java:34)
2025-10-13T01:46:59.3880038Z 	at org.gradle.internal.execution.steps.IdentifyStep.execute(IdentifyStep.java:48)
2025-10-13T01:46:59.3880973Z 	at org.gradle.internal.execution.steps.IdentifyStep.execute(IdentifyStep.java:35)
2025-10-13T01:46:59.3881998Z 	at org.gradle.internal.execution.impl.DefaultExecutionEngine$1.execute(DefaultExecutionEngine.java:61)
2025-10-13T01:46:59.3883982Z 	at org.gradle.api.internal.tasks.execution.ExecuteActionsTaskExecuter.executeIfValid(ExecuteActionsTaskExecuter.java:127)
2025-10-13T01:46:59.3885793Z 	at org.gradle.api.internal.tasks.execution.ExecuteActionsTaskExecuter.execute(ExecuteActionsTaskExecuter.java:116)
2025-10-13T01:46:59.3888267Z 	at org.gradle.api.internal.tasks.execution.ProblemsTaskPathTrackingTaskExecuter.execute(ProblemsTaskPathTrackingTaskExecuter.java:40)
2025-10-13T01:46:59.3890258Z 	at org.gradle.api.internal.tasks.execution.FinalizePropertiesTaskExecuter.execute(FinalizePropertiesTaskExecuter.java:46)
2025-10-13T01:46:59.3891804Z 	at org.gradle.api.internal.tasks.execution.ResolveTaskExecutionModeExecuter.execute(ResolveTaskExecutionModeExecuter.java:51)
2025-10-13T01:46:59.3893130Z 	at org.gradle.api.internal.tasks.execution.SkipTaskWithNoActionsExecuter.execute(SkipTaskWithNoActionsExecuter.java:57)
2025-10-13T01:46:59.3894361Z 	at org.gradle.api.internal.tasks.execution.SkipOnlyIfTaskExecuter.execute(SkipOnlyIfTaskExecuter.java:74)
2025-10-13T01:46:59.3895838Z 	at org.gradle.api.internal.tasks.execution.CatchExceptionTaskExecuter.execute(CatchExceptionTaskExecuter.java:36)
2025-10-13T01:46:59.3897100Z 	at org.gradle.api.internal.tasks.execution.EventFiringTaskExecuter$1.executeTask(EventFiringTaskExecuter.java:77)
2025-10-13T01:46:59.3898276Z 	at org.gradle.api.internal.tasks.execution.EventFiringTaskExecuter$1.call(EventFiringTaskExecuter.java:55)
2025-10-13T01:46:59.3899417Z 	at org.gradle.api.internal.tasks.execution.EventFiringTaskExecuter$1.call(EventFiringTaskExecuter.java:52)
2025-10-13T01:46:59.3900705Z 	at org.gradle.internal.operations.DefaultBuildOperationRunner$CallableBuildOperationWorker.execute(DefaultBuildOperationRunner.java:209)
2025-10-13T01:46:59.3902134Z 	at org.gradle.internal.operations.DefaultBuildOperationRunner$CallableBuildOperationWorker.execute(DefaultBuildOperationRunner.java:204)
2025-10-13T01:46:59.3903437Z 	at org.gradle.internal.operations.DefaultBuildOperationRunner$2.execute(DefaultBuildOperationRunner.java:66)
2025-10-13T01:46:59.3904594Z 	at org.gradle.internal.operations.DefaultBuildOperationRunner$2.execute(DefaultBuildOperationRunner.java:59)
2025-10-13T01:46:59.3905934Z 	at org.gradle.internal.operations.DefaultBuildOperationRunner.execute(DefaultBuildOperationRunner.java:166)
2025-10-13T01:46:59.3907091Z 	at org.gradle.internal.operations.DefaultBuildOperationRunner.execute(DefaultBuildOperationRunner.java:59)
2025-10-13T01:46:59.3908237Z 	at org.gradle.internal.operations.DefaultBuildOperationRunner.call(DefaultBuildOperationRunner.java:53)
2025-10-13T01:46:59.3909383Z 	at org.gradle.api.internal.tasks.execution.EventFiringTaskExecuter.execute(EventFiringTaskExecuter.java:52)
2025-10-13T01:46:59.3910491Z 	at org.gradle.execution.plan.LocalTaskNodeExecutor.execute(LocalTaskNodeExecutor.java:42)
2025-10-13T01:46:59.3911683Z 	at org.gradle.execution.taskgraph.DefaultTaskExecutionGraph$InvokeNodeExecutorsAction.execute(DefaultTaskExecutionGraph.java:331)
2025-10-13T01:46:59.3913043Z 	at org.gradle.execution.taskgraph.DefaultTaskExecutionGraph$InvokeNodeExecutorsAction.execute(DefaultTaskExecutionGraph.java:318)
2025-10-13T01:46:59.3914492Z 	at org.gradle.execution.taskgraph.DefaultTaskExecutionGraph$BuildOperationAwareExecutionAction.lambda$execute$0(DefaultTaskExecutionGraph.java:314)
2025-10-13T01:46:59.3915989Z 	at org.gradle.internal.operations.CurrentBuildOperationRef.with(CurrentBuildOperationRef.java:85)
2025-10-13T01:46:59.3917258Z 	at org.gradle.execution.taskgraph.DefaultTaskExecutionGraph$BuildOperationAwareExecutionAction.execute(DefaultTaskExecutionGraph.java:314)
2025-10-13T01:46:59.3918707Z 	at org.gradle.execution.taskgraph.DefaultTaskExecutionGraph$BuildOperationAwareExecutionAction.execute(DefaultTaskExecutionGraph.java:303)
2025-10-13T01:46:59.3919989Z 	at org.gradle.execution.plan.DefaultPlanExecutor$ExecutorWorker.execute(DefaultPlanExecutor.java:459)
2025-10-13T01:46:59.3921072Z 	at org.gradle.execution.plan.DefaultPlanExecutor$ExecutorWorker.run(DefaultPlanExecutor.java:376)
2025-10-13T01:46:59.3922104Z 	at org.gradle.execution.plan.DefaultPlanExecutor.process(DefaultPlanExecutor.java:111)
2025-10-13T01:46:59.3923363Z 	at org.gradle.execution.taskgraph.DefaultTaskExecutionGraph.executeWithServices(DefaultTaskExecutionGraph.java:138)
2025-10-13T01:46:59.3924589Z 	at org.gradle.execution.taskgraph.DefaultTaskExecutionGraph.execute(DefaultTaskExecutionGraph.java:123)
2025-10-13T01:46:59.3925976Z 	at org.gradle.execution.SelectedTaskExecutionAction.execute(SelectedTaskExecutionAction.java:35)
2025-10-13T01:46:59.3927056Z 	at org.gradle.execution.DryRunBuildExecutionAction.execute(DryRunBuildExecutionAction.java:51)
2025-10-13T01:46:59.3928415Z 	at org.gradle.execution.BuildOperationFiringBuildWorkerExecutor$ExecuteTasks.call(BuildOperationFiringBuildWorkerExecutor.java:54)
2025-10-13T01:46:59.3929804Z 	at org.gradle.execution.BuildOperationFiringBuildWorkerExecutor$ExecuteTasks.call(BuildOperationFiringBuildWorkerExecutor.java:43)
2025-10-13T01:46:59.3931210Z 	at org.gradle.internal.operations.DefaultBuildOperationRunner$CallableBuildOperationWorker.execute(DefaultBuildOperationRunner.java:209)
2025-10-13T01:46:59.3932648Z 	at org.gradle.internal.operations.DefaultBuildOperationRunner$CallableBuildOperationWorker.execute(DefaultBuildOperationRunner.java:204)
2025-10-13T01:46:59.3933961Z 	at org.gradle.internal.operations.DefaultBuildOperationRunner$2.execute(DefaultBuildOperationRunner.java:66)
2025-10-13T01:46:59.3935322Z 	at org.gradle.internal.operations.DefaultBuildOperationRunner$2.execute(DefaultBuildOperationRunner.java:59)
2025-10-13T01:46:59.3936506Z 	at org.gradle.internal.operations.DefaultBuildOperationRunner.execute(DefaultBuildOperationRunner.java:166)
2025-10-13T01:46:59.3937675Z 	at org.gradle.internal.operations.DefaultBuildOperationRunner.execute(DefaultBuildOperationRunner.java:59)
2025-10-13T01:46:59.3938861Z 	at org.gradle.internal.operations.DefaultBuildOperationRunner.call(DefaultBuildOperationRunner.java:53)
2025-10-13T01:46:59.3940457Z 	at org.gradle.execution.BuildOperationFiringBuildWorkerExecutor.execute(BuildOperationFiringBuildWorkerExecutor.java:40)
2025-10-13T01:46:59.3941783Z 	at org.gradle.internal.build.DefaultBuildLifecycleController.lambda$executeTasks$10(DefaultBuildLifecycleController.java:313)
2025-10-13T01:46:59.3943015Z 	at org.gradle.internal.model.StateTransitionController.doTransition(StateTransitionController.java:266)
2025-10-13T01:46:59.3944186Z 	at org.gradle.internal.model.StateTransitionController.lambda$tryTransition$8(StateTransitionController.java:177)
2025-10-13T01:46:59.3945521Z 	at org.gradle.internal.work.DefaultSynchronizer.withLock(DefaultSynchronizer.java:46)
2025-10-13T01:46:59.3946609Z 	at org.gradle.internal.model.StateTransitionController.tryTransition(StateTransitionController.java:177)
2025-10-13T01:46:59.3947811Z 	at org.gradle.internal.build.DefaultBuildLifecycleController.executeTasks(DefaultBuildLifecycleController.java:304)
2025-10-13T01:46:59.3949144Z 	at org.gradle.internal.build.DefaultBuildWorkGraphController$DefaultBuildWorkGraph.runWork(DefaultBuildWorkGraphController.java:220)
2025-10-13T01:46:59.3950412Z 	at org.gradle.internal.work.DefaultWorkerLeaseService.withLocks(DefaultWorkerLeaseService.java:263)
2025-10-13T01:46:59.3951575Z 	at org.gradle.internal.work.DefaultWorkerLeaseService.runAsWorkerThread(DefaultWorkerLeaseService.java:127)
2025-10-13T01:46:59.3952724Z 	at org.gradle.composite.internal.DefaultBuildController.doRun(DefaultBuildController.java:181)
2025-10-13T01:46:59.3954294Z 	at org.gradle.composite.internal.DefaultBuildController.access$000(DefaultBuildController.java:50)
2025-10-13T01:46:59.3955895Z 	at org.gradle.composite.internal.DefaultBuildController$BuildOpRunnable.lambda$run$0(DefaultBuildController.java:198)
2025-10-13T01:46:59.3957101Z 	at org.gradle.internal.operations.CurrentBuildOperationRef.with(CurrentBuildOperationRef.java:85)
2025-10-13T01:46:59.3958755Z 	at org.gradle.composite.internal.DefaultBuildController$BuildOpRunnable.run(DefaultBuildController.java:198)
2025-10-13T01:46:59.3960325Z 	at org.gradle.internal.concurrent.ExecutorPolicy$CatchAndRecordFailures.onExecute(ExecutorPolicy.java:64)
2025-10-13T01:46:59.3962159Z 	at org.gradle.internal.concurrent.AbstractManagedExecutor$1.run(AbstractManagedExecutor.java:48)
2025-10-13T01:46:59.3963737Z Caused by: org.gradle.api.publish.maven.InvalidMavenPublicationException: Invalid publication 'maven': artifact file does not exist: '/home/runner/work/PedroJSON/PedroJSON/loader/build/publications/maven/module.json.asc'
2025-10-13T01:46:59.3965695Z 	at org.gradle.api.publish.maven.internal.publisher.ValidatingMavenPublisher.checkCanPublish(ValidatingMavenPublisher.java:129)
2025-10-13T01:46:59.3967232Z 	at org.gradle.api.publish.maven.internal.publisher.ValidatingMavenPublisher.validateArtifacts(ValidatingMavenPublisher.java:103)
2025-10-13T01:46:59.3968567Z 	at org.gradle.api.publish.maven.internal.publisher.ValidatingMavenPublisher.publish(ValidatingMavenPublisher.java:47)
2025-10-13T01:46:59.3969779Z 	at org.gradle.api.publish.maven.tasks.PublishToMavenRepository$1.publish(PublishToMavenRepository.java:124)
2025-10-13T01:46:59.3970830Z 	at org.gradle.api.publish.internal.PublishOperation.run(PublishOperation.java:43)
2025-10-13T01:46:59.3971600Z 	... 152 more
2025-10-13T01:46:59.3971872Z 
2025-10-13T01:46:59.3971877Z 
2025-10-13T01:46:59.3972121Z BUILD FAILED in 1s
2025-10-13T01:46:59.3972406Z 
2025-10-13T01:46:59.3972859Z Deprecated Gradle features were used in this build, making it incompatible with Gradle 9.0.
2025-10-13T01:46:59.3973391Z 
2025-10-13T01:46:59.3973969Z You can use '--warning-mode all' to show the individual deprecation warnings and determine if they come from your own scripts or plugins.
2025-10-13T01:46:59.3974674Z 
2025-10-13T01:46:59.3975589Z For more on this, please refer to https://docs.gradle.org/8.12/userguide/command_line_interface.html#sec:command_line_warnings in the Gradle documentation.
2025-10-13T01:46:59.3976632Z 27 actionable tasks: 3 executed, 24 up-to-date
2025-10-13T01:46:59.3987311Z ##[error]Process completed with exit code 1.
2025-10-13T01:46:59.4119889Z Post job cleanup.
2025-10-13T01:46:59.5890678Z Post job cleanup.
2025-10-13T01:46:59.6601730Z [command]/usr/bin/git version
2025-10-13T01:46:59.6640498Z git version 2.51.0
2025-10-13T01:46:59.6684163Z Temporarily overriding HOME='/home/runner/work/_temp/5ec6761c-ea2b-48b6-bc15-e548c79fd7f1' before making global git config changes
2025-10-13T01:46:59.6685492Z Adding repository directory to the temporary git global config as a safe directory
2025-10-13T01:46:59.6688159Z [command]/usr/bin/git config --global --add safe.directory /home/runner/work/PedroJSON/PedroJSON
2025-10-13T01:46:59.6717526Z [command]/usr/bin/git config --local --name-only --get-regexp core\.sshCommand
2025-10-13T01:46:59.6744520Z [command]/usr/bin/git submodule foreach --recursive sh -c "git config --local --name-only --get-regexp 'core\.sshCommand' && git config --local --unset-all 'core.sshCommand' || :"
2025-10-13T01:46:59.6962124Z [command]/usr/bin/git config --local --name-only --get-regexp http\.https\:\/\/github\.com\/\.extraheader
2025-10-13T01:46:59.6980272Z http.https://github.com/.extraheader
2025-10-13T01:46:59.7004112Z [command]/usr/bin/git config --local --unset-all http.https://github.com/.extraheader
2025-10-13T01:46:59.7019267Z [command]/usr/bin/git submodule foreach --recursive sh -c "git config --local --name-only --get-regexp 'http\.https\:\/\/github\.com\/\.extraheader' && git config --local --unset-all 'http.https://github.com/.extraheader' || :"
2025-10-13T01:46:59.7333589Z Cleaning up orphan processes
2025-10-13T01:46:59.7637554Z Terminate orphan process: pid (2265) (java)
